2026-09-03T17:04:52.787Z GET /health
2026-09-03T17:05:01.266Z GET /metrics
2026-09-03T17:05:07.346Z GET /sessions
2026-09-03T17:05:21.701Z POST /sessions/demo-session/start
2026-09-04T02:47:11.154Z GET /health
2026-09-04T02:47:59.402Z POST /sessions/demo-dry/start
2026-09-04T02:48:16.057Z GET /metrics
2026-09-04T02:48:16.062Z GET /sessions
2026-09-04T03:09:59.050Z GET /health
2026-09-04T03:12:51.509Z GET /health
2026-09-04T03:56:09.430Z GET /health
2026-09-04T04:57:09.147Z GET /health
2026-09-04T05:03:03.928Z GET /health
2026-09-04T05:05:14.590Z OPTIONS /metrics
2026-09-04T05:05:14.590Z OPTIONS /sessions
2026-09-04T05:05:36.699Z OPTIONS /sessions
2026-09-04T05:05:36.704Z OPTIONS /metrics
2026-09-04T05:05:41.000Z OPTIONS /sessions
2026-09-04T05:05:41.001Z OPTIONS /metrics
2026-09-04T05:05:41.708Z OPTIONS /metrics
2026-09-04T05:05:41.709Z OPTIONS /sessions
2026-09-04T05:05:42.130Z OPTIONS /sessions
2026-09-04T05:05:42.132Z OPTIONS /metrics
2026-09-04T05:05:44.942Z OPTIONS /sessions
2026-09-04T05:05:44.947Z OPTIONS /metrics
2026-09-04T05:05:46.701Z OPTIONS /metrics
2026-09-04T05:05:46.702Z OPTIONS /sessions
2026-09-04T05:05:47.084Z OPTIONS /sessions/demo-dashboard/start
2026-09-04T05:05:52.332Z OPTIONS /sessions
2026-09-04T05:05:52.638Z OPTIONS /metrics
2026-09-04T05:05:57.395Z OPTIONS /sessions
2026-09-04T05:05:57.395Z OPTIONS /metrics
2026-09-04T05:06:02.320Z OPTIONS /sessions
2026-09-04T05:06:02.321Z OPTIONS /metrics
2026-09-04T05:06:07.325Z OPTIONS /sessions
2026-09-04T05:06:07.556Z OPTIONS /metrics
2026-09-04T05:06:12.325Z OPTIONS /sessions
2026-09-04T05:06:12.337Z OPTIONS /metrics
2026-09-04T05:06:17.332Z OPTIONS /sessions
2026-09-04T05:06:17.336Z OPTIONS /metrics
2026-09-04T05:06:22.322Z OPTIONS /sessions
2026-09-04T05:06:22.327Z OPTIONS /metrics
2026-09-04T05:06:27.679Z OPTIONS /sessions
2026-09-04T05:06:27.683Z OPTIONS /metrics
2026-09-04T05:06:32.628Z OPTIONS /sessions
2026-09-04T05:06:32.628Z OPTIONS /metrics
2026-09-04T05:06:37.333Z OPTIONS /sessions
2026-09-04T05:06:37.349Z OPTIONS /metrics
2026-09-04T05:06:42.328Z OPTIONS /sessions
2026-09-04T05:06:42.334Z OPTIONS /metrics
2026-09-04T05:06:47.316Z OPTIONS /sessions
2026-09-04T05:06:47.318Z OPTIONS /metrics
2026-09-04T05:06:56.234Z OPTIONS /sessions
2026-09-04T05:06:56.234Z OPTIONS /metrics
2026-09-04T05:06:56.734Z OPTIONS /sessions
2026-09-04T05:06:56.734Z OPTIONS /metrics
2026-09-04T05:06:58.200Z GET /sessions
2026-09-04T05:06:58.209Z GET /metrics
2026-09-04T05:07:02.970Z GET /metrics
2026-09-04T05:07:02.970Z GET /sessions
2026-09-04T05:07:07.961Z GET /sessions
2026-09-04T05:07:07.961Z GET /metrics
2026-09-04T05:07:11.588Z GET /sessions
2026-09-04T05:07:11.590Z GET /metrics
2026-09-04T05:07:13.001Z GET /metrics
2026-09-04T05:07:13.004Z GET /sessions
2026-09-04T05:07:17.965Z GET /sessions
2026-09-04T05:07:17.967Z GET /metrics
2026-09-04T05:07:23.062Z GET /metrics
2026-09-04T05:07:23.065Z GET /sessions
2026-09-04T05:07:27.971Z GET /sessions
2026-09-04T05:07:28.479Z GET /metrics
2026-09-04T05:07:29.000Z POST /sessions/session-debug/start
2026-09-04T05:07:29.028Z GET /sessions
2026-09-04T05:07:29.028Z GET /metrics
2026-09-04T05:07:32.958Z GET /sessions
2026-09-04T05:07:32.958Z GET /metrics
2026-09-04T05:07:37.965Z GET /sessions
2026-09-04T05:07:37.965Z GET /metrics
2026-09-04T05:07:39.092Z POST /sessions/demo-session/start
2026-09-04T05:07:39.258Z GET /sessions
2026-09-04T05:07:39.259Z GET /metrics
2026-09-04T05:07:42.957Z GET /sessions
2026-09-04T05:07:42.959Z GET /metrics
2026-09-04T05:07:48.131Z GET /sessions
2026-09-04T05:07:48.131Z GET /metrics
2026-09-04T05:07:52.958Z GET /sessions
2026-09-04T05:07:52.959Z GET /metrics
2026-09-04T05:07:57.993Z GET /sessions
2026-09-04T05:07:57.995Z GET /metrics
2026-09-04T05:08:02.964Z GET /sessions
2026-09-04T05:08:02.966Z GET /metrics
2026-09-04T05:08:03.131Z POST /sessions/demo-dashboard/start
2026-09-04T05:08:03.502Z GET /sessions
2026-09-04T05:08:03.503Z GET /metrics
2026-09-04T05:08:07.964Z GET /metrics
2026-09-04T05:08:07.964Z GET /sessions
2026-09-04T05:08:12.965Z GET /metrics
2026-09-04T05:08:12.965Z GET /sessions
2026-09-04T05:08:17.974Z GET /sessions
2026-09-04T05:08:17.975Z GET /metrics
2026-09-04T05:08:22.964Z GET /metrics
2026-09-04T05:08:22.964Z GET /sessions
2026-09-04T05:08:27.960Z GET /sessions
2026-09-04T05:08:27.960Z GET /metrics
2026-09-04T05:08:33.023Z GET /sessions
2026-09-04T05:08:33.023Z GET /metrics
2026-09-04T05:08:37.965Z GET /sessions
2026-09-04T05:08:37.965Z GET /metrics
2026-09-04T05:08:43.346Z GET /sessions
2026-09-04T05:08:43.346Z GET /metrics
2026-09-04T05:08:48.645Z GET /sessions
2026-09-04T05:08:48.645Z GET /metrics
2026-09-04T05:08:53.320Z GET /sessions
2026-09-04T05:08:53.324Z GET /metrics
2026-09-04T05:08:58.333Z GET /sessions
2026-09-04T05:08:58.333Z GET /metrics
2026-09-04T05:09:03.481Z GET /sessions
2026-09-04T05:09:03.487Z GET /metrics
2026-09-04T05:09:08.321Z GET /sessions
2026-09-04T05:09:08.321Z GET /metrics
2026-09-04T05:09:13.334Z GET /metrics
2026-09-04T05:09:13.334Z GET /sessions
2026-09-04T05:09:18.713Z GET /sessions
2026-09-04T05:09:18.719Z GET /metrics
2026-09-04T05:09:23.320Z GET /sessions
2026-09-04T05:09:23.320Z GET /metrics
2026-09-04T05:09:28.326Z GET /sessions
2026-09-04T05:09:28.326Z GET /metrics
2026-09-04T05:09:33.383Z GET /sessions
2026-09-04T05:09:33.397Z GET /metrics
2026-09-04T05:09:38.329Z GET /sessions
2026-09-04T05:09:38.329Z GET /metrics
2026-09-04T05:10:34.399Z GET /sessions
2026-09-04T05:10:34.422Z GET /metrics
2026-09-04T05:11:20.522Z GET /sessions
2026-09-04T05:11:20.553Z GET /metrics
2026-09-04T05:11:26.635Z GET /sessions
2026-09-04T05:11:26.655Z GET /metrics
2026-09-04T05:11:31.329Z GET /sessions
2026-09-04T05:11:31.334Z GET /metrics
2026-09-04T05:11:36.322Z GET /metrics
2026-09-04T05:11:36.322Z GET /sessions
2026-09-04T05:11:41.333Z GET /sessions
2026-09-04T05:11:41.333Z GET /metrics
2026-09-04T05:11:46.329Z GET /sessions
2026-09-04T05:11:46.330Z GET /metrics
2026-09-04T05:11:51.322Z GET /sessions
2026-09-04T05:11:51.341Z GET /metrics
2026-09-04T05:11:56.333Z GET /sessions
2026-09-04T05:11:56.333Z GET /metrics
2026-09-04T05:12:01.316Z GET /sessions
2026-09-04T05:12:01.316Z GET /metrics
2026-09-04T05:12:06.320Z GET /sessions
2026-09-04T05:12:06.321Z GET /metrics
2026-09-04T05:12:11.323Z GET /sessions
2026-09-04T05:12:11.332Z GET /metrics
2026-09-04T05:12:16.321Z GET /sessions
2026-09-04T05:12:16.321Z GET /metrics
2026-09-04T05:12:34.694Z GET /sessions
2026-09-04T05:12:34.697Z GET /metrics
2026-09-04T05:12:42.797Z GET /sessions
2026-09-04T05:12:42.797Z GET /metrics
2026-09-04T05:12:45.504Z GET /sessions
2026-09-04T05:12:45.506Z GET /metrics
2026-09-04T05:12:48.885Z GET /sessions
2026-09-04T05:12:48.886Z GET /metrics
2026-09-04T05:12:53.866Z GET /sessions
2026-09-04T05:12:53.868Z GET /metrics
2026-09-04T05:12:54.916Z POST /sessions/session1/stop
2026-09-04T05:12:54.950Z GET /sessions
2026-09-04T05:12:54.950Z GET /metrics
2026-09-04T05:12:56.581Z POST /sessions/session1/stop
2026-09-04T05:12:56.591Z GET /sessions
2026-09-04T05:12:56.591Z GET /metrics
2026-09-04T05:12:58.863Z GET /sessions
2026-09-04T05:12:58.864Z GET /metrics
2026-09-04T05:12:58.900Z POST /sessions/session1/stop
2026-09-04T05:12:58.909Z GET /sessions
2026-09-04T05:12:58.909Z GET /metrics
2026-09-04T05:12:59.839Z POST /sessions/session-debug/stop
2026-09-04T05:13:00.110Z GET /sessions
2026-09-04T05:13:00.110Z GET /metrics
2026-09-04T05:13:00.309Z POST /sessions/session-debug/stop
2026-09-04T05:13:00.322Z GET /sessions
2026-09-04T05:13:00.322Z GET /metrics
2026-09-04T05:13:01.728Z POST /sessions/demo-dry/stop
2026-09-04T05:13:01.742Z GET /sessions
2026-09-04T05:13:01.743Z GET /metrics
2026-09-04T05:13:03.857Z GET /sessions
2026-09-04T05:13:03.858Z GET /metrics
2026-09-04T05:13:04.490Z POST /sessions/demo-dashboard/start
2026-09-04T05:13:04.517Z GET /sessions
2026-09-04T05:13:04.517Z GET /metrics
2026-09-04T05:13:08.474Z POST /sessions/demo-dashboard/start
2026-09-04T05:13:08.491Z GET /sessions
2026-09-04T05:13:08.491Z GET /metrics
2026-09-04T05:13:08.853Z GET /metrics
2026-09-04T05:13:08.854Z GET /sessions
2026-09-04T05:13:09.615Z GET /sessions
2026-09-04T05:13:09.625Z GET /metrics
2026-09-04T05:13:14.320Z GET /sessions
2026-09-04T05:13:14.323Z GET /metrics
2026-09-04T05:13:19.317Z GET /sessions
2026-09-04T05:13:19.318Z GET /metrics
2026-09-04T05:13:24.325Z GET /sessions
2026-09-04T05:13:24.345Z GET /metrics
2026-09-04T05:13:29.385Z GET /sessions
2026-09-04T05:13:29.406Z GET /metrics
2026-09-04T05:13:32.591Z POST /sessions/demo-dashboard/start
2026-09-04T05:13:32.609Z GET /sessions
2026-09-04T05:13:32.613Z GET /metrics
2026-09-04T05:13:33.556Z POST /sessions/demo-dashboard/start
2026-09-04T05:13:33.825Z GET /metrics
2026-09-04T05:13:33.825Z GET /sessions
2026-09-04T05:13:33.858Z GET /sessions
2026-09-04T05:13:33.858Z GET /metrics
2026-09-04T05:13:34.421Z POST /sessions/demo-dashboard/start
2026-09-04T05:13:34.443Z GET /sessions
2026-09-04T05:13:34.443Z GET /metrics
2026-09-04T05:13:35.269Z POST /sessions/demo-dashboard/start
2026-09-04T05:13:35.287Z GET /sessions
2026-09-04T05:13:35.292Z GET /metrics
2026-09-04T05:13:38.863Z GET /sessions
2026-09-04T05:13:38.863Z GET /metrics
2026-09-04T05:14:01.635Z GET /sessions
2026-09-04T05:14:01.639Z GET /metrics
2026-09-04T05:14:04.334Z GET /sessions
2026-09-04T05:14:04.336Z GET /metrics
2026-09-04T05:14:09.372Z GET /sessions
2026-09-04T05:14:09.372Z GET /metrics
2026-09-04T05:14:14.328Z GET /sessions
2026-09-04T05:14:14.328Z GET /metrics
2026-09-04T05:14:19.325Z GET /metrics
2026-09-04T05:14:19.326Z GET /sessions
2026-09-04T05:14:24.317Z GET /sessions
2026-09-04T05:14:24.317Z GET /metrics
2026-09-04T05:14:29.323Z GET /metrics
2026-09-04T05:14:29.323Z GET /sessions
2026-09-04T05:14:34.331Z GET /sessions
2026-09-04T05:14:34.331Z GET /metrics
2026-09-04T05:14:39.334Z GET /metrics
2026-09-04T05:14:39.334Z GET /sessions
2026-09-04T05:14:44.255Z GET /metrics
2026-09-04T05:14:44.255Z GET /sessions
2026-09-04T05:14:45.781Z GET /sessions
2026-09-04T05:14:45.873Z GET /metrics
2026-09-04T05:14:51.326Z GET /sessions
2026-09-04T05:14:51.332Z GET /metrics
2026-09-04T05:14:56.321Z GET /sessions
2026-09-04T05:14:56.328Z GET /metrics
2026-09-04T05:15:01.327Z GET /sessions
2026-09-04T05:15:01.327Z GET /metrics
2026-09-04T05:15:06.324Z GET /sessions
2026-09-04T05:15:06.324Z GET /metrics
2026-09-04T05:15:11.333Z GET /sessions
2026-09-04T05:15:11.334Z GET /metrics
2026-09-04T05:15:16.333Z GET /sessions
2026-09-04T05:15:16.339Z GET /metrics
2026-09-04T05:15:21.330Z GET /sessions
2026-09-04T05:15:21.330Z GET /metrics
2026-09-04T05:15:26.335Z GET /sessions
2026-09-04T05:15:26.353Z GET /metrics
2026-09-04T05:15:31.347Z GET /metrics
2026-09-04T05:15:31.351Z GET /sessions
2026-09-04T05:15:35.081Z GET /sessions
2026-09-04T05:15:35.083Z GET /metrics
2026-09-04T05:15:40.105Z GET /sessions
2026-09-04T05:15:40.107Z GET /metrics
2026-09-04T05:15:41.194Z GET /sessions
2026-09-04T05:15:41.196Z GET /metrics
2026-09-04T05:15:42.796Z POST /sessions/demo-dashboard/start
2026-09-04T05:15:42.927Z GET /sessions
2026-09-04T05:15:42.927Z GET /metrics
2026-09-04T05:15:43.914Z POST /sessions/demo-dashboard/start
2026-09-04T05:15:43.929Z GET /sessions
2026-09-04T05:15:43.929Z GET /metrics
2026-09-04T05:15:44.861Z POST /sessions/demo-dashboard/start
2026-09-04T05:15:44.879Z GET /sessions
2026-09-04T05:15:44.879Z GET /metrics
2026-09-04T05:15:45.087Z GET /sessions
2026-09-04T05:15:45.088Z GET /metrics
2026-09-04T05:15:45.830Z POST /sessions/demo-dashboard/stop
2026-09-04T05:15:45.845Z GET /sessions
2026-09-04T05:15:45.845Z GET /metrics
2026-09-04T05:15:47.179Z POST /sessions/demo-dashboard/stop
2026-09-04T05:15:47.215Z GET /sessions
2026-09-04T05:15:47.215Z GET /metrics
2026-09-04T05:15:48.717Z POST /sessions/demo-dry/stop
2026-09-04T05:15:48.771Z GET /sessions
2026-09-04T05:15:48.773Z GET /metrics
2026-09-04T05:15:50.137Z GET /sessions
2026-09-04T05:15:50.142Z GET /metrics
2026-09-04T05:15:51.135Z POST /sessions/demo-session/stop
2026-09-04T05:15:51.182Z GET /sessions
2026-09-04T05:15:51.183Z GET /metrics
2026-09-04T05:15:53.036Z POST /sessions/session1/stop
2026-09-04T05:15:53.054Z GET /sessions
2026-09-04T05:15:53.054Z GET /metrics
2026-09-04T05:15:55.090Z GET /sessions
2026-09-04T05:15:55.092Z GET /metrics
2026-09-04T05:15:55.242Z POST /sessions/session1/stop
2026-09-04T05:15:55.251Z GET /sessions
2026-09-04T05:15:55.252Z GET /metrics
2026-09-04T05:15:59.263Z GET /sessions
2026-09-04T05:15:59.263Z GET /metrics
2026-09-04T05:16:00.130Z GET /sessions
2026-09-04T05:16:00.130Z GET /metrics
2026-09-04T05:16:05.381Z GET /sessions
2026-09-04T05:16:05.384Z GET /metrics
2026-09-04T05:16:10.327Z GET /sessions
2026-09-04T05:16:10.327Z GET /metrics
2026-09-04T05:16:15.566Z GET /metrics
2026-09-04T05:16:15.566Z GET /sessions
2026-09-04T05:16:20.324Z GET /sessions
2026-09-04T05:16:20.325Z GET /metrics
2026-09-04T05:16:25.326Z GET /sessions
2026-09-04T05:16:25.326Z GET /metrics
2026-09-04T05:16:30.321Z GET /metrics
2026-09-04T05:16:30.322Z GET /sessions
2026-09-04T05:16:35.326Z GET /sessions
2026-09-04T05:16:35.326Z GET /metrics
2026-09-04T05:16:40.331Z GET /sessions
2026-09-04T05:16:40.331Z GET /metrics
2026-09-04T05:16:45.320Z GET /sessions
2026-09-04T05:16:45.325Z GET /metrics
2026-09-04T05:16:50.336Z GET /sessions
2026-09-04T05:16:50.352Z GET /metrics
2026-09-04T05:16:55.321Z GET /sessions
2026-09-04T05:16:55.323Z GET /metrics
2026-09-04T05:17:00.321Z GET /metrics
2026-09-04T05:17:00.322Z GET /sessions
2026-09-04T05:17:05.324Z GET /sessions
2026-09-04T05:17:05.328Z GET /metrics
2026-09-04T05:17:10.327Z GET /metrics
2026-09-04T05:17:10.329Z GET /sessions
2026-09-04T05:17:15.338Z GET /sessions
2026-09-04T05:17:15.338Z GET /metrics
2026-09-04T05:17:20.355Z GET /sessions
2026-09-04T05:17:20.391Z GET /metrics
2026-09-04T05:17:25.319Z GET /sessions
2026-09-04T05:17:25.330Z GET /metrics
2026-09-04T05:17:30.638Z GET /sessions
2026-09-04T05:17:30.652Z GET /metrics
2026-09-04T05:17:35.450Z GET /sessions
2026-09-04T05:17:35.560Z GET /metrics
2026-09-04T05:17:40.325Z GET /sessions
2026-09-04T05:17:40.325Z GET /metrics
2026-09-04T05:17:45.333Z GET /sessions
2026-09-04T05:17:45.334Z GET /metrics
2026-09-04T05:17:50.325Z GET /sessions
2026-09-04T05:17:50.325Z GET /metrics
2026-09-04T05:17:55.334Z GET /sessions
2026-09-04T05:17:55.334Z GET /metrics
2026-09-04T05:18:00.329Z GET /sessions
2026-09-04T05:18:00.329Z GET /metrics
2026-09-04T05:18:05.334Z GET /sessions
2026-09-04T05:18:05.334Z GET /metrics
2026-09-04T05:18:10.420Z GET /sessions
2026-09-04T05:18:10.446Z GET /metrics
2026-09-04T05:18:15.318Z GET /sessions
2026-09-04T05:18:15.325Z GET /metrics
2026-09-04T05:18:20.322Z GET /sessions
2026-09-04T05:18:20.326Z GET /metrics
2026-09-04T05:18:25.318Z GET /sessions
2026-09-04T05:18:25.318Z GET /metrics
2026-09-04T05:18:30.330Z GET /sessions
2026-09-04T05:18:30.330Z GET /metrics
2026-09-04T05:18:35.327Z GET /metrics
2026-09-04T05:18:35.327Z GET /sessions
2026-09-04T05:18:40.260Z GET /sessions
2026-09-04T05:18:40.260Z GET /metrics
2026-09-04T05:18:41.987Z GET /sessions
2026-09-04T05:18:41.987Z GET /metrics
2026-09-04T05:18:45.088Z GET /sessions
2026-09-04T05:18:45.090Z GET /metrics
2026-09-04T05:18:47.241Z POST /sessions/demo-dry/stop
2026-09-04T05:18:47.359Z GET /sessions
2026-09-04T05:18:47.361Z GET /metrics
2026-09-04T05:18:50.120Z GET /sessions
2026-09-04T05:18:50.126Z GET /metrics
2026-09-04T05:18:54.978Z GET /sessions
2026-09-04T05:18:54.983Z GET /metrics
2026-09-04T05:18:55.204Z GET /sessions
2026-09-04T05:18:55.220Z GET /metrics
2026-09-04T05:18:55.833Z GET /metrics
2026-09-04T05:18:55.833Z GET /sessions
2026-09-04T05:18:57.041Z GET /sessions
2026-09-04T05:18:57.042Z GET /metrics
2026-09-04T05:18:58.693Z POST /sessions/demo-dashboard/start
2026-09-04T05:18:58.717Z GET /sessions
2026-09-04T05:18:58.717Z GET /metrics
2026-09-04T05:19:00.096Z GET /sessions
2026-09-04T05:19:00.099Z GET /metrics
2026-09-04T05:19:05.856Z GET /sessions
2026-09-04T05:19:05.868Z GET /metrics
2026-09-04T05:19:10.334Z GET /sessions
2026-09-04T05:19:10.345Z GET /metrics
2026-09-04T05:19:15.464Z GET /sessions
2026-09-04T05:19:15.509Z GET /metrics
2026-09-04T05:19:20.713Z GET /sessions
2026-09-04T05:19:20.713Z GET /metrics
2026-09-04T05:19:25.328Z GET /sessions
2026-09-04T05:19:25.341Z GET /metrics
2026-09-04T05:19:33.611Z GET /sessions
2026-09-04T05:19:33.650Z GET /metrics
2026-09-04T05:19:39.328Z GET /sessions
2026-09-04T05:19:39.329Z GET /metrics
2026-09-04T05:19:44.320Z GET /sessions
2026-09-04T05:19:44.320Z GET /metrics
2026-09-04T05:19:49.328Z GET /sessions
2026-09-04T05:19:49.361Z GET /metrics
2026-09-04T05:19:54.404Z GET /sessions
2026-09-04T05:19:54.430Z GET /metrics
2026-09-04T05:19:59.324Z GET /sessions
2026-09-04T05:19:59.325Z GET /metrics
2026-09-04T05:20:04.320Z GET /sessions
2026-09-04T05:20:04.331Z GET /metrics
2026-09-04T05:20:09.333Z GET /metrics
2026-09-04T05:20:09.333Z GET /sessions
2026-09-04T05:20:14.334Z GET /sessions
2026-09-04T05:20:14.347Z GET /metrics
2026-09-04T05:20:19.658Z GET /sessions
2026-09-04T05:20:19.691Z GET /metrics
2026-09-04T05:20:24.916Z GET /sessions
2026-09-04T05:20:24.917Z GET /metrics
2026-09-04T05:20:30.707Z GET /sessions
2026-09-04T05:20:30.709Z GET /metrics
2026-09-04T05:20:36.022Z GET /sessions
2026-09-04T05:20:36.587Z GET /metrics
2026-09-04T05:20:39.671Z GET /sessions
2026-09-04T05:20:39.673Z GET /metrics
2026-09-04T05:20:42.670Z GET /sessions
2026-09-04T05:20:42.670Z GET /metrics
2026-09-04T05:20:45.477Z POST /sessions/demo-dashboard/stop
2026-09-04T05:20:45.499Z GET /sessions
2026-09-04T05:20:45.499Z GET /metrics
2026-09-04T05:20:47.610Z GET /metrics
2026-09-04T05:20:47.611Z GET /sessions
2026-09-04T05:20:48.758Z POST /sessions/demo-dashboard/stop
2026-09-04T05:20:48.967Z GET /sessions
2026-09-04T05:20:48.970Z GET /metrics
2026-09-04T05:20:49.063Z POST /sessions/demo-dashboard/stop
2026-09-04T05:20:49.104Z GET /sessions
2026-09-04T05:20:49.104Z GET /metrics
2026-09-04T05:20:49.495Z POST /sessions/demo-dashboard/stop
2026-09-04T05:20:49.503Z GET /sessions
2026-09-04T05:20:49.505Z GET /metrics
2026-09-04T05:20:49.711Z POST /sessions/demo-dashboard/stop
2026-09-04T05:20:49.726Z GET /sessions
2026-09-04T05:20:49.726Z GET /metrics
2026-09-04T05:20:51.642Z POST /sessions/session1/stop
2026-09-04T05:20:51.718Z GET /sessions
2026-09-04T05:20:51.718Z GET /metrics
2026-09-04T05:20:52.613Z GET /metrics
2026-09-04T05:20:52.613Z GET /sessions
2026-09-04T05:20:58.333Z GET /sessions
2026-09-04T05:20:58.333Z GET /metrics
2026-09-04T05:21:03.625Z GET /sessions
2026-09-04T05:21:03.635Z GET /metrics
2026-09-04T05:21:08.372Z GET /sessions
2026-09-04T05:21:08.383Z GET /metrics
2026-09-04T05:21:13.325Z GET /sessions
2026-09-04T05:21:13.326Z GET /metrics
2026-09-04T05:21:18.323Z GET /sessions
2026-09-04T05:21:18.323Z GET /metrics
2026-09-04T05:21:23.361Z GET /sessions
2026-09-04T05:21:23.380Z GET /metrics
2026-09-04T05:21:28.359Z GET /sessions
2026-09-04T05:21:28.360Z GET /metrics
2026-09-04T05:21:33.356Z GET /sessions
2026-09-04T05:21:33.359Z GET /metrics
2026-09-04T05:21:38.324Z GET /metrics
2026-09-04T05:21:38.324Z GET /sessions
2026-09-04T05:21:43.328Z GET /sessions
2026-09-04T05:21:43.354Z GET /metrics
2026-09-04T05:22:13.131Z GET /sessions
2026-09-04T05:22:13.132Z GET /metrics
2026-09-04T05:22:17.326Z GET /sessions
2026-09-04T05:22:17.341Z GET /metrics
2026-09-04T05:22:22.344Z GET /sessions
2026-09-04T05:22:22.345Z GET /metrics
2026-09-04T05:22:27.330Z GET /sessions
2026-09-04T05:22:27.331Z GET /metrics
2026-09-04T05:22:32.336Z GET /sessions
2026-09-04T05:22:32.499Z GET /metrics
2026-09-04T05:22:37.329Z GET /sessions
2026-09-04T05:22:37.338Z GET /metrics
2026-09-04T05:22:42.338Z GET /metrics
2026-09-04T05:22:42.338Z GET /sessions
2026-09-04T05:22:47.329Z GET /sessions
2026-09-04T05:22:47.335Z GET /metrics
2026-09-04T05:22:52.336Z GET /sessions
2026-09-04T05:22:52.338Z GET /metrics
2026-09-04T05:22:57.352Z GET /sessions
2026-09-04T05:22:57.382Z GET /metrics
2026-09-04T05:22:58.920Z POST /sessions/phase4-check/start
2026-09-04T05:22:58.967Z GET /sessions
2026-09-04T05:22:59.016Z POST /sessions/phase4-check/stop
2026-09-04T05:22:59.047Z GET /sessions
2026-09-04T05:23:02.327Z GET /sessions
2026-09-04T05:23:02.342Z GET /metrics
2026-09-04T05:23:07.334Z GET /sessions
2026-09-04T05:23:07.334Z GET /metrics
2026-09-04T05:23:12.319Z GET /sessions
2026-09-04T05:23:12.333Z GET /metrics
2026-09-04T05:23:34.329Z GET /metrics
2026-09-04T05:23:34.330Z GET /sessions
2026-09-04T05:23:49.920Z GET /sessions
2026-09-04T05:23:49.922Z GET /metrics
2026-09-04T05:23:52.311Z GET /sessions
2026-09-04T05:23:52.313Z GET /metrics
2026-09-04T05:23:57.319Z GET /sessions
2026-09-04T05:23:57.319Z GET /metrics
2026-09-04T05:24:02.335Z GET /sessions
2026-09-04T05:24:02.335Z GET /metrics
2026-09-04T05:24:07.315Z GET /sessions
2026-09-04T05:24:07.316Z GET /metrics
2026-09-04T05:24:13.163Z GET /sessions
2026-09-04T05:24:13.252Z GET /metrics
2026-09-04T05:24:17.336Z GET /sessions
2026-09-04T05:24:17.336Z GET /metrics
2026-09-04T05:24:22.331Z GET /sessions
2026-09-04T05:24:22.338Z GET /metrics
2026-09-04T05:24:27.327Z GET /sessions
2026-09-04T05:24:27.344Z GET /metrics
2026-09-04T05:24:32.326Z GET /metrics
2026-09-04T05:24:32.329Z GET /sessions
2026-09-04T05:24:37.509Z GET /sessions
2026-09-04T05:24:37.527Z GET /metrics
2026-09-04T05:24:42.332Z GET /sessions
2026-09-04T05:24:42.332Z GET /metrics
2026-09-04T05:24:47.320Z GET /sessions
2026-09-04T05:24:47.320Z GET /metrics
2026-09-04T05:25:32.340Z GET /sessions
2026-09-04T05:25:32.344Z GET /metrics
2026-09-04T05:25:34.146Z GET /sessions
2026-09-04T05:25:34.149Z GET /metrics
2026-09-04T05:25:39.342Z GET /sessions
2026-09-04T05:25:39.345Z GET /metrics
2026-09-04T05:25:44.176Z GET /metrics
2026-09-04T05:25:44.176Z GET /sessions
2026-09-04T05:25:49.163Z GET /metrics
2026-09-04T05:25:49.163Z GET /sessions
2026-09-04T05:25:54.134Z GET /sessions
2026-09-04T05:25:54.134Z GET /metrics
2026-09-04T05:25:59.174Z GET /sessions
2026-09-04T05:25:59.176Z GET /metrics
2026-09-04T05:26:04.140Z GET /sessions
2026-09-04T05:26:04.140Z GET /metrics
2026-09-04T05:26:09.330Z GET /sessions
2026-09-04T05:26:09.330Z GET /metrics
2026-09-04T05:26:14.326Z GET /sessions
2026-09-04T05:26:14.326Z GET /metrics
2026-09-04T05:26:19.171Z GET /metrics
2026-09-04T05:26:19.171Z GET /sessions
2026-09-04T05:26:20.950Z GET /sessions
2026-09-04T05:26:20.952Z GET /metrics
2026-09-04T05:26:25.933Z GET /sessions
2026-09-04T05:26:25.933Z GET /metrics
2026-09-04T05:26:29.597Z POST /sessions/session-debug/stop
2026-09-04T05:26:29.610Z GET /sessions
2026-09-04T05:26:29.610Z GET /metrics
2026-09-04T05:26:30.936Z GET /sessions
2026-09-04T05:26:30.936Z GET /metrics
2026-09-04T05:26:32.574Z POST /sessions/demo-session/stop
2026-09-04T05:26:32.585Z GET /sessions
2026-09-04T05:26:32.585Z GET /metrics
2026-09-04T05:26:34.245Z POST /sessions/demo-dry/stop
2026-09-04T05:26:34.350Z GET /sessions
2026-09-04T05:26:34.350Z GET /metrics
2026-09-04T05:26:35.502Z POST /sessions/demo-dashboard/stop
2026-09-04T05:26:35.553Z GET /sessions
2026-09-04T05:26:35.553Z GET /metrics
2026-09-04T05:26:35.945Z GET /sessions
2026-09-04T05:26:35.945Z GET /metrics
2026-09-04T05:26:38.869Z POST /sessions/session1/stop
2026-09-04T05:26:38.898Z GET /sessions
2026-09-04T05:26:38.899Z GET /metrics
2026-09-04T05:26:40.930Z GET /sessions
2026-09-04T05:26:40.930Z GET /metrics
2026-09-04T05:26:43.120Z GET /sessions
2026-09-04T05:26:43.120Z GET /metrics
2026-09-04T05:26:45.718Z POST /sessions/demo-dashboard/start
2026-09-04T05:26:45.800Z GET /sessions
2026-09-04T05:26:45.800Z GET /metrics
2026-09-04T05:26:45.931Z GET /sessions
2026-09-04T05:26:45.931Z GET /metrics
2026-09-04T05:26:50.952Z GET /metrics
2026-09-04T05:26:50.952Z GET /sessions
2026-09-04T05:26:53.013Z POST /sessions/demo-dashboard/stop
2026-09-04T05:26:53.022Z GET /sessions
2026-09-04T05:26:53.023Z GET /metrics
2026-09-04T05:26:54.269Z POST /sessions/demo-dashboard/start
2026-09-04T05:26:54.383Z GET /sessions
2026-09-04T05:26:54.383Z GET /metrics
2026-09-04T05:26:55.946Z GET /sessions
2026-09-04T05:26:55.946Z GET /metrics
2026-09-04T05:26:55.950Z POST /sessions/demo-dashboard/stop
2026-09-04T05:26:56.109Z GET /sessions
2026-09-04T05:26:56.113Z GET /metrics
2026-09-04T05:26:57.187Z POST /sessions/demo-dashboard/start
2026-09-04T05:26:58.179Z GET /sessions
2026-09-04T05:26:58.181Z GET /metrics
2026-09-04T05:26:59.149Z POST /sessions/demo-dashboard/stop
2026-09-04T05:26:59.166Z GET /sessions
2026-09-04T05:26:59.171Z GET /metrics
2026-09-04T05:27:00.931Z GET /metrics
2026-09-04T05:27:00.931Z GET /sessions
2026-09-04T05:27:05.945Z GET /metrics
2026-09-04T05:27:05.946Z GET /sessions
2026-09-04T05:27:11.536Z GET /sessions
2026-09-04T05:27:11.572Z GET /metrics
2026-09-04T05:27:16.319Z GET /metrics
2026-09-04T05:27:16.319Z GET /sessions
2026-09-04T05:27:21.330Z GET /sessions
2026-09-04T05:27:21.330Z GET /metrics
2026-09-04T05:27:25.929Z GET /sessions
2026-09-04T05:27:25.931Z GET /metrics
2026-09-04T05:27:30.937Z GET /metrics
2026-09-04T05:27:30.937Z GET /sessions
2026-09-04T05:27:35.929Z GET /sessions
2026-09-04T05:27:35.931Z GET /metrics
2026-09-04T05:27:36.768Z GET /health
2026-09-04T05:27:36.892Z GET /favicon.ico
2026-09-04T05:27:43.953Z GET /
2026-09-04T05:27:49.144Z GET /api
2026-09-04T05:27:57.279Z GET /metrics
2026-09-04T05:27:57.279Z GET /sessions
2026-09-04T05:28:02.283Z GET /sessions
2026-09-04T05:28:02.285Z GET /metrics
2026-09-04T05:28:20.622Z GET /sessions
2026-09-04T05:28:20.622Z GET /metrics
2026-09-04T05:28:25.834Z GET /sessions
2026-09-04T05:28:25.844Z GET /metrics
2026-09-04T05:28:31.327Z GET /sessions
2026-09-04T05:28:31.344Z GET /metrics
2026-09-04T05:28:36.323Z GET /sessions
2026-09-04T05:28:36.323Z GET /metrics
2026-09-04T05:28:41.324Z GET /sessions
2026-09-04T05:28:41.324Z GET /metrics
2026-09-04T05:28:46.320Z GET /sessions
2026-09-04T05:28:46.334Z GET /metrics
2026-09-04T05:28:51.328Z GET /sessions
2026-09-04T05:28:51.333Z GET /metrics
2026-09-04T05:28:56.336Z GET /sessions
2026-09-04T05:28:56.336Z GET /metrics
2026-09-04T05:29:01.328Z GET /sessions
2026-09-04T05:29:01.332Z GET /metrics
2026-09-04T05:29:06.334Z GET /sessions
2026-09-04T05:29:06.334Z GET /metrics
2026-09-04T05:29:11.406Z GET /sessions
2026-09-04T05:29:11.412Z GET /metrics
2026-09-04T05:29:16.319Z GET /metrics
2026-09-04T05:29:16.319Z GET /sessions
2026-09-04T05:29:21.347Z GET /sessions
2026-09-04T05:29:21.349Z GET /metrics
2026-09-04T05:29:34.328Z GET /sessions
2026-09-04T05:29:34.338Z GET /metrics
2026-09-04T05:29:49.027Z GET /sessions
2026-09-04T05:29:49.029Z GET /metrics
2026-09-04T05:29:50.786Z GET /sessions
2026-09-04T05:29:50.786Z GET /metrics
2026-09-04T05:29:55.759Z GET /sessions
2026-09-04T05:29:55.759Z GET /metrics
2026-09-04T05:30:00.616Z GET /sessions
2026-09-04T05:30:00.616Z GET /metrics
2026-09-04T05:30:05.615Z GET /sessions
2026-09-04T05:30:05.615Z GET /metrics
2026-09-04T05:30:10.606Z GET /metrics
2026-09-04T05:30:10.606Z GET /sessions
2026-09-04T05:30:15.614Z GET /sessions
2026-09-04T05:30:15.617Z GET /metrics
2026-09-04T05:30:20.613Z GET /sessions
2026-09-04T05:30:20.615Z GET /metrics
2026-09-04T05:30:25.608Z GET /sessions
2026-09-04T05:30:25.609Z GET /metrics
2026-09-04T05:30:30.621Z GET /sessions
2026-09-04T05:30:30.621Z GET /metrics
2026-09-04T05:30:35.611Z GET /sessions
2026-09-04T05:30:35.613Z GET /metrics
2026-09-04T05:30:40.692Z GET /sessions
2026-09-04T05:30:40.693Z GET /metrics
2026-09-04T05:30:45.607Z GET /sessions
2026-09-04T05:30:45.607Z GET /metrics
2026-09-04T05:30:50.705Z GET /sessions
2026-09-04T05:30:50.706Z GET /metrics
2026-09-04T05:30:55.620Z GET /sessions
2026-09-04T05:30:55.624Z GET /metrics
2026-09-04T05:31:00.610Z GET /sessions
2026-09-04T05:31:00.610Z GET /metrics
2026-09-04T05:31:05.615Z GET /sessions
2026-09-04T05:31:05.617Z GET /metrics
2026-09-04T05:31:10.615Z GET /metrics
2026-09-04T05:31:10.615Z GET /sessions
2026-09-04T05:31:15.684Z GET /sessions
2026-09-04T05:31:15.685Z GET /metrics
2026-09-04T05:31:20.621Z GET /sessions
2026-09-04T05:31:20.625Z GET /metrics
2026-09-04T05:31:25.604Z GET /sessions
2026-09-04T05:31:25.606Z GET /metrics
2026-09-04T05:31:30.616Z GET /sessions
2026-09-04T05:31:30.624Z GET /metrics
2026-09-04T05:31:35.621Z GET /sessions
2026-09-04T05:31:35.622Z GET /metrics
2026-09-04T07:02:37.746Z GET /sessions
2026-09-04T07:02:37.747Z GET /metrics
2026-09-04T07:02:41.207Z GET /sessions
2026-09-04T07:02:41.207Z GET /accounts
2026-09-04T07:02:41.207Z GET /metrics
2026-09-04T07:02:46.247Z GET /sessions
2026-09-04T07:02:46.248Z GET /metrics
2026-09-04T07:02:46.248Z GET /accounts
2026-09-04T07:02:51.207Z GET /sessions
2026-09-04T07:02:51.210Z GET /accounts
2026-09-04T07:02:51.210Z GET /metrics
2026-09-04T07:02:56.203Z GET /metrics
2026-09-04T07:02:56.204Z GET /sessions
2026-09-04T07:02:56.205Z GET /accounts
2026-09-04T07:03:01.408Z GET /sessions
2026-09-04T07:03:01.410Z GET /metrics
2026-09-04T07:03:01.411Z GET /accounts
2026-09-04T07:03:05.302Z POST /sessions/workflow-e2e-session/stop
2026-09-04T07:03:06.212Z GET /sessions
2026-09-04T07:03:06.218Z GET /accounts
2026-09-04T07:03:06.218Z GET /metrics
2026-09-04T07:03:08.499Z GET /metrics
2026-09-04T07:03:08.499Z GET /sessions
2026-09-04T07:03:08.500Z GET /accounts
2026-09-04T07:03:11.210Z GET /sessions
2026-09-04T07:03:11.212Z GET /metrics
2026-09-04T07:03:11.212Z GET /accounts
2026-09-04T07:03:13.243Z POST /sessions/demo-real/stop
2026-09-04T07:03:13.255Z GET /sessions
2026-09-04T07:03:13.255Z GET /metrics
2026-09-04T07:03:13.255Z GET /accounts
2026-09-04T07:03:16.206Z GET /sessions
2026-09-04T07:03:16.207Z GET /metrics
2026-09-04T07:03:16.207Z GET /accounts
2026-09-04T07:03:16.839Z POST /sessions/demo-dashboard/start
2026-09-04T07:03:21.204Z GET /sessions
2026-09-04T07:03:21.206Z GET /metrics
2026-09-04T07:03:21.206Z GET /accounts
2026-09-04T07:03:22.406Z GET /sessions
2026-09-04T07:03:22.406Z GET /metrics
2026-09-04T07:03:22.406Z GET /accounts
2026-09-04T07:03:26.222Z GET /sessions
2026-09-04T07:03:26.225Z GET /accounts
2026-09-04T07:03:26.223Z GET /metrics
2026-09-04T07:03:31.229Z GET /metrics
2026-09-04T07:03:31.229Z GET /sessions
2026-09-04T07:03:31.229Z GET /accounts
2026-09-04T07:03:36.202Z GET /sessions
2026-09-04T07:03:36.202Z GET /metrics
2026-09-04T07:03:36.203Z GET /accounts
2026-09-04T07:03:41.218Z GET /sessions
2026-09-04T07:03:41.219Z GET /metrics
2026-09-04T07:03:41.219Z GET /accounts
2026-09-04T07:03:46.314Z GET /sessions
2026-09-04T07:03:46.317Z GET /metrics
2026-09-04T07:03:46.317Z GET /accounts
2026-09-04T07:03:51.217Z GET /accounts
2026-09-04T07:03:51.217Z GET /sessions
2026-09-04T07:03:51.217Z GET /metrics
2026-09-04T07:03:56.204Z GET /sessions
2026-09-04T07:03:56.204Z GET /metrics
2026-09-04T07:03:56.208Z GET /accounts
2026-09-04T07:04:01.204Z GET /accounts
2026-09-04T07:04:01.207Z GET /metrics
2026-09-04T07:04:01.207Z GET /sessions
2026-09-04T07:04:06.625Z GET /sessions
2026-09-04T07:04:06.630Z GET /metrics
2026-09-04T07:04:06.630Z GET /accounts
2026-09-04T07:04:11.333Z GET /sessions
2026-09-04T07:04:11.345Z GET /metrics
2026-09-04T07:04:11.368Z GET /accounts
2026-09-04T07:04:16.321Z GET /sessions
2026-09-04T07:04:16.325Z GET /metrics
2026-09-04T07:04:16.325Z GET /accounts
2026-09-04T07:04:21.332Z GET /sessions
2026-09-04T07:04:21.332Z GET /metrics
2026-09-04T07:04:21.334Z GET /accounts
2026-09-04T07:04:26.327Z GET /sessions
2026-09-04T07:04:26.354Z GET /metrics
2026-09-04T07:04:26.360Z GET /accounts
2026-09-04T07:04:31.330Z GET /sessions
2026-09-04T07:04:31.344Z GET /metrics
2026-09-04T07:04:31.347Z GET /accounts
2026-09-04T07:04:36.323Z GET /sessions
2026-09-04T07:04:36.326Z GET /metrics
2026-09-04T07:04:36.326Z GET /accounts
2026-09-04T07:04:41.601Z GET /sessions
2026-09-04T07:04:41.603Z GET /metrics
2026-09-04T07:04:41.604Z GET /accounts
2026-09-04T07:04:46.357Z GET /sessions
2026-09-04T07:04:46.362Z GET /metrics
2026-09-04T07:04:46.364Z GET /accounts
2026-09-04T07:04:51.393Z GET /sessions
2026-09-04T07:04:51.426Z GET /metrics
2026-09-04T07:04:51.446Z GET /accounts
2026-09-04T07:04:56.343Z GET /sessions
2026-09-04T07:04:56.351Z GET /metrics
2026-09-04T07:04:56.419Z GET /accounts
2026-09-04T07:05:01.341Z GET /sessions
2026-09-04T07:05:01.341Z GET /metrics
2026-09-04T07:05:01.346Z GET /accounts
2026-09-04T07:05:06.322Z GET /sessions
2026-09-04T07:05:06.324Z GET /metrics
2026-09-04T07:05:06.327Z GET /accounts
2026-09-04T07:05:34.428Z GET /sessions
2026-09-04T07:05:34.433Z GET /metrics
2026-09-04T07:05:34.433Z GET /accounts
2026-09-04T07:06:42.507Z GET /sessions
2026-09-04T07:06:42.511Z GET /accounts
2026-09-04T07:06:42.511Z GET /metrics
2026-09-04T07:06:46.321Z GET /sessions
2026-09-04T07:06:46.326Z GET /metrics
2026-09-04T07:06:46.326Z GET /accounts
2026-09-04T07:06:51.248Z GET /sessions
2026-09-04T07:06:51.248Z GET /metrics
2026-09-04T07:06:51.248Z GET /accounts
2026-09-04T07:06:56.496Z GET /sessions
2026-09-04T07:06:56.496Z GET /metrics
2026-09-04T07:06:56.496Z GET /accounts
2026-09-04T07:07:12.689Z GET /sessions
2026-09-04T07:07:12.689Z GET /metrics
2026-09-04T07:07:12.690Z GET /accounts
2026-09-04T07:07:12.991Z GET /accounts
2026-09-04T07:07:12.991Z GET /sessions
2026-09-04T07:07:13.211Z GET /accounts
2026-09-04T07:07:13.217Z GET /metrics
2026-09-04T07:07:13.480Z GET /sessions
2026-09-04T07:07:14.229Z GET /metrics
2026-09-04T07:07:31.155Z GET /metrics
2026-09-04T07:07:31.155Z GET /sessions
2026-09-04T07:07:31.156Z GET /accounts
2026-09-04T07:07:36.395Z GET /metrics
2026-09-04T07:07:36.395Z GET /sessions
2026-09-04T07:07:36.396Z GET /accounts
2026-09-04T07:07:41.845Z GET /sessions
2026-09-04T07:07:41.847Z GET /metrics
2026-09-04T07:07:41.848Z GET /accounts
2026-09-04T07:07:52.517Z GET /sessions
2026-09-04T07:07:52.520Z GET /metrics
2026-09-04T07:07:52.521Z GET /accounts
2026-09-04T07:07:56.352Z GET /sessions
2026-09-04T07:07:56.352Z GET /metrics
2026-09-04T07:07:56.352Z GET /accounts
2026-09-04T07:08:02.036Z GET /sessions
2026-09-04T07:08:02.036Z GET /accounts
2026-09-04T07:08:02.036Z GET /metrics
2026-09-04T07:08:06.589Z GET /sessions
2026-09-04T07:08:06.589Z GET /metrics
2026-09-04T07:08:06.589Z GET /accounts
2026-09-04T07:08:09.556Z GET /sessions
2026-09-04T07:08:09.559Z GET /metrics
2026-09-04T07:08:09.559Z GET /accounts
2026-09-04T07:08:11.270Z GET /sessions
2026-09-04T07:08:11.272Z GET /metrics
2026-09-04T07:08:11.274Z GET /accounts
2026-09-04T07:08:16.207Z GET /sessions
2026-09-04T07:08:16.208Z GET /metrics
2026-09-04T07:08:16.208Z GET /accounts
2026-09-04T07:08:19.014Z POST /sessions/demo-dashboard/stop
2026-09-04T07:08:21.207Z GET /metrics
2026-09-04T07:08:21.207Z GET /accounts
2026-09-04T07:08:21.210Z GET /sessions
2026-09-04T07:08:22.652Z GET /sessions
2026-09-04T07:08:22.657Z GET /accounts
2026-09-04T07:08:22.656Z GET /metrics
2026-09-04T07:08:26.200Z GET /sessions
2026-09-04T07:08:26.203Z GET /metrics
2026-09-04T07:08:26.203Z GET /accounts
2026-09-04T07:08:26.535Z POST /sessions/demo-dashboard/start
2026-09-04T07:08:30.339Z GET /metrics
2026-09-04T07:08:30.339Z GET /accounts
2026-09-04T07:08:30.339Z GET /sessions
2026-09-04T07:08:31.210Z GET /sessions
2026-09-04T07:08:31.211Z GET /metrics
2026-09-04T07:08:31.211Z GET /accounts
2026-09-04T07:08:36.258Z GET /metrics
2026-09-04T07:08:36.258Z GET /sessions
2026-09-04T07:08:36.260Z GET /accounts
2026-09-04T07:08:41.207Z GET /sessions
2026-09-04T07:08:41.209Z GET /metrics
2026-09-04T07:08:41.209Z GET /accounts
2026-09-04T07:08:46.248Z GET /sessions
2026-09-04T07:08:46.248Z GET /metrics
2026-09-04T07:08:46.248Z GET /accounts
2026-09-04T07:08:51.200Z GET /accounts
2026-09-04T07:08:51.200Z GET /metrics
2026-09-04T07:08:51.200Z GET /sessions
2026-09-04T07:08:56.210Z GET /sessions
2026-09-04T07:08:56.210Z GET /accounts
2026-09-04T07:08:56.211Z GET /metrics
2026-09-04T07:09:01.218Z GET /sessions
2026-09-04T07:09:01.219Z GET /metrics
2026-09-04T07:09:01.219Z GET /accounts
2026-09-04T07:09:06.234Z GET /sessions
2026-09-04T07:09:06.236Z GET /metrics
2026-09-04T07:09:06.236Z GET /accounts
2026-09-04T07:09:11.840Z GET /sessions
2026-09-04T07:09:11.841Z GET /metrics
2026-09-04T07:09:11.841Z GET /accounts
2026-09-04T07:09:16.199Z GET /sessions
2026-09-04T07:09:16.201Z GET /metrics
2026-09-04T07:09:16.201Z GET /accounts
2026-09-04T07:09:21.209Z GET /sessions
2026-09-04T07:09:21.211Z GET /metrics
2026-09-04T07:09:21.211Z GET /accounts
2026-09-04T07:09:26.230Z GET /sessions
2026-09-04T07:09:26.232Z GET /metrics
2026-09-04T07:09:26.234Z GET /accounts
2026-09-04T07:09:31.230Z GET /metrics
2026-09-04T07:09:31.231Z GET /accounts
2026-09-04T07:09:31.231Z GET /sessions
2026-09-04T07:09:36.333Z GET /sessions
2026-09-04T07:09:36.335Z GET /metrics
2026-09-04T07:09:36.336Z GET /accounts
2026-09-04T07:09:41.201Z GET /metrics
2026-09-04T07:09:41.202Z GET /sessions
2026-09-04T07:09:41.202Z GET /accounts
2026-09-04T07:09:46.240Z GET /sessions
2026-09-04T07:09:46.240Z GET /accounts
2026-09-04T07:09:46.240Z GET /metrics
2026-09-04T07:09:51.217Z GET /sessions
2026-09-04T07:09:51.217Z GET /metrics
2026-09-04T07:09:51.218Z GET /accounts
2026-09-04T07:09:56.251Z GET /sessions
2026-09-04T07:09:56.251Z GET /metrics
2026-09-04T07:09:56.253Z GET /accounts
2026-09-04T07:10:01.343Z GET /sessions
2026-09-04T07:10:01.345Z GET /metrics
2026-09-04T07:10:01.346Z GET /accounts
2026-09-04T07:10:06.322Z GET /sessions
2026-09-04T07:10:06.323Z GET /metrics
2026-09-04T07:10:06.323Z GET /accounts
2026-09-04T07:10:11.327Z GET /sessions
2026-09-04T07:10:11.329Z GET /accounts
2026-09-04T07:10:11.329Z GET /metrics
2026-09-04T07:10:16.371Z GET /sessions
2026-09-04T07:10:16.375Z GET /metrics
2026-09-04T07:10:16.376Z GET /accounts
2026-09-04T07:10:21.329Z GET /sessions
2026-09-04T07:10:21.342Z GET /metrics
2026-09-04T07:10:21.351Z GET /accounts
2026-09-04T07:10:26.336Z GET /sessions
2026-09-04T07:10:26.337Z GET /metrics
2026-09-04T07:10:26.341Z GET /accounts
2026-09-04T07:10:31.200Z GET /sessions
2026-09-04T07:10:31.200Z GET /metrics
2026-09-04T07:10:31.200Z GET /accounts
2026-09-04T07:10:36.224Z GET /sessions
2026-09-04T07:10:36.226Z GET /metrics
2026-09-04T07:10:36.226Z GET /accounts
2026-09-04T07:10:41.273Z GET /sessions
2026-09-04T07:10:41.276Z GET /metrics
2026-09-04T07:10:41.277Z GET /accounts
2026-09-04T07:10:46.232Z GET /sessions
2026-09-04T07:10:46.246Z GET /metrics
2026-09-04T07:10:46.247Z GET /accounts
2026-09-04T07:10:51.273Z GET /sessions
2026-09-04T07:10:51.278Z GET /accounts
2026-09-04T07:10:51.278Z GET /metrics
2026-09-04T07:10:56.213Z GET /metrics
2026-09-04T07:10:56.213Z GET /sessions
2026-09-04T07:10:56.213Z GET /accounts
2026-09-04T07:11:01.295Z GET /sessions
2026-09-04T07:11:01.296Z GET /metrics
2026-09-04T07:11:01.297Z GET /accounts
2026-09-04T07:11:06.311Z GET /sessions
2026-09-04T07:11:06.313Z GET /metrics
2026-09-04T07:11:06.317Z GET /accounts
2026-09-04T07:11:11.218Z GET /sessions
2026-09-04T07:11:11.220Z GET /accounts
2026-09-04T07:11:11.220Z GET /metrics
2026-09-04T07:11:16.205Z GET /sessions
2026-09-04T07:11:16.207Z GET /metrics
2026-09-04T07:11:16.208Z GET /accounts
2026-09-04T07:11:21.219Z GET /sessions
2026-09-04T07:11:21.219Z GET /metrics
2026-09-04T07:11:21.220Z GET /accounts
2026-09-04T07:11:26.403Z GET /sessions
2026-09-04T07:11:26.542Z GET /metrics
2026-09-04T07:11:26.551Z GET /accounts
2026-09-04T07:11:31.320Z GET /sessions
2026-09-04T07:11:31.332Z GET /accounts
2026-09-04T07:11:31.327Z GET /metrics
2026-09-04T07:11:47.749Z GET /sessions
2026-09-04T07:11:47.753Z GET /accounts
2026-09-04T07:11:47.753Z GET /metrics
2026-09-04T07:11:48.343Z GET /sessions
2026-09-04T07:11:48.467Z GET /accounts
2026-09-04T07:11:48.514Z GET /metrics
2026-09-04T07:11:51.358Z GET /sessions
2026-09-04T07:11:51.369Z GET /metrics
2026-09-04T07:11:51.369Z GET /accounts
2026-09-04T07:12:03.124Z GET /sessions
2026-09-04T07:12:03.126Z GET /metrics
2026-09-04T07:12:03.126Z GET /accounts
2026-09-04T07:12:07.869Z GET /sessions
2026-09-04T07:12:07.869Z GET /accounts
2026-09-04T07:12:07.869Z GET /metrics
2026-09-04T07:12:11.466Z GET /sessions
2026-09-04T07:12:11.467Z GET /metrics
2026-09-04T07:12:11.468Z GET /accounts
2026-09-04T07:12:19.926Z GET /accounts
2026-09-04T07:12:19.926Z GET /sessions
2026-09-04T07:12:19.927Z GET /metrics
2026-09-04T07:12:29.986Z GET /sessions
2026-09-04T07:12:29.987Z GET /metrics
2026-09-04T07:12:29.989Z GET /accounts
2026-09-04T07:12:31.813Z GET /sessions
2026-09-04T07:12:31.814Z GET /accounts
2026-09-04T07:12:32.468Z GET /metrics
2026-09-04T07:12:35.749Z POST /sessions/demo-dashboard/stop
2026-09-04T07:12:36.801Z GET /metrics
2026-09-04T07:12:36.802Z GET /sessions
2026-09-04T07:12:36.802Z GET /accounts
2026-09-04T07:12:40.698Z GET /sessions
2026-09-04T07:12:40.698Z GET /metrics
2026-09-04T07:12:40.699Z GET /accounts
2026-09-04T07:12:41.748Z GET /metrics
2026-09-04T07:12:41.749Z GET /sessions
2026-09-04T07:12:41.749Z GET /accounts
2026-09-04T07:12:46.332Z GET /sessions
2026-09-04T07:12:46.492Z GET /accounts
2026-09-04T07:12:46.493Z GET /metrics
2026-09-04T07:12:56.548Z GET /sessions
2026-09-04T07:12:56.548Z GET /metrics
2026-09-04T07:12:56.548Z GET /accounts
2026-09-04T07:13:01.354Z GET /sessions
2026-09-04T07:13:01.676Z GET /metrics
2026-09-04T07:13:01.676Z GET /accounts
2026-09-04T07:13:06.472Z GET /sessions
2026-09-04T07:13:06.475Z GET /metrics
2026-09-04T07:13:06.475Z GET /accounts
2026-09-04T07:13:13.309Z GET /sessions
2026-09-04T07:13:13.312Z GET /metrics
2026-09-04T07:13:13.312Z GET /accounts
2026-09-04T07:13:26.254Z GET /sessions
2026-09-04T07:13:26.254Z GET /metrics
2026-09-04T07:13:26.255Z GET /accounts
2026-09-04T07:13:31.394Z GET /sessions
2026-09-04T07:13:31.394Z GET /metrics
2026-09-04T07:13:31.395Z GET /accounts
2026-09-04T07:13:36.333Z GET /sessions
2026-09-04T07:13:36.354Z GET /metrics
2026-09-04T07:13:36.391Z GET /accounts
2026-09-04T07:13:41.328Z GET /sessions
2026-09-04T07:13:41.332Z GET /metrics
2026-09-04T07:13:41.347Z GET /accounts
2026-09-04T07:13:46.335Z GET /sessions
2026-09-04T07:13:46.339Z GET /metrics
2026-09-04T07:13:46.352Z GET /accounts
2026-09-04T07:14:34.371Z GET /sessions
2026-09-04T07:14:34.389Z GET /metrics
2026-09-04T07:14:34.390Z GET /accounts
2026-09-04T07:15:34.327Z GET /sessions
2026-09-04T07:15:34.645Z GET /metrics
2026-09-04T07:15:34.645Z GET /accounts
2026-09-04T07:16:34.763Z GET /sessions
2026-09-04T07:16:34.765Z GET /metrics
2026-09-04T07:16:34.765Z GET /accounts
2026-09-04T07:17:34.381Z GET /sessions
2026-09-04T07:17:34.382Z GET /accounts
2026-09-04T07:17:34.382Z GET /metrics
2026-09-04T07:18:00.567Z GET /sessions
2026-09-04T07:18:00.569Z GET /metrics
2026-09-04T07:18:00.569Z GET /accounts
2026-09-04T07:18:01.242Z GET /sessions
2026-09-04T07:18:01.255Z GET /accounts
2026-09-04T07:18:01.256Z GET /metrics
2026-09-04T07:18:06.240Z GET /sessions
2026-09-04T07:18:06.240Z GET /metrics
2026-09-04T07:18:06.240Z GET /accounts
2026-09-04T07:18:11.597Z GET /sessions
2026-09-04T07:18:11.619Z GET /metrics
2026-09-04T07:18:11.648Z GET /accounts
2026-09-04T07:18:17.255Z GET /sessions
2026-09-04T07:18:17.255Z GET /metrics
2026-09-04T07:18:17.255Z GET /accounts
2026-09-04T07:18:21.510Z GET /sessions
2026-09-04T07:18:21.511Z GET /metrics
2026-09-04T07:18:21.511Z GET /accounts
2026-09-04T07:18:26.519Z GET /sessions
2026-09-04T07:18:26.519Z GET /metrics
2026-09-04T07:18:26.522Z GET /accounts
2026-09-04T07:18:31.365Z GET /sessions
2026-09-04T07:18:31.381Z GET /metrics
2026-09-04T07:18:31.389Z GET /accounts
2026-09-04T07:18:36.620Z GET /sessions
2026-09-04T07:18:36.621Z GET /metrics
2026-09-04T07:18:36.621Z GET /accounts
2026-09-04T07:18:41.524Z GET /sessions
2026-09-04T07:18:41.525Z GET /metrics
2026-09-04T07:18:41.525Z GET /accounts
2026-09-04T07:18:44.729Z GET /metrics
2026-09-04T07:18:44.729Z GET /sessions
2026-09-04T07:18:44.730Z GET /accounts
2026-09-04T07:18:50.620Z GET /sessions
2026-09-04T07:18:50.662Z GET /metrics
2026-09-04T07:18:50.664Z GET /accounts
2026-09-04T07:18:55.529Z GET /sessions
2026-09-04T07:18:55.545Z GET /accounts
2026-09-04T07:18:55.537Z GET /metrics
2026-09-04T07:19:00.371Z GET /sessions
2026-09-04T07:19:00.425Z GET /metrics
2026-09-04T07:19:00.430Z GET /accounts
2026-09-04T07:19:05.326Z GET /sessions
2026-09-04T07:19:05.326Z GET /metrics
2026-09-04T07:19:05.326Z GET /accounts
2026-09-04T07:19:10.344Z GET /sessions
2026-09-04T07:19:10.378Z GET /metrics
2026-09-04T07:19:10.378Z GET /accounts
2026-09-04T07:19:15.499Z GET /sessions
2026-09-04T07:19:15.513Z GET /metrics
2026-09-04T07:19:15.541Z GET /accounts
2026-09-04T07:19:20.322Z GET /sessions
2026-09-04T07:19:20.322Z GET /metrics
2026-09-04T07:19:20.326Z GET /accounts
2026-09-04T07:19:25.368Z GET /sessions
2026-09-04T07:19:25.388Z GET /metrics
2026-09-04T07:19:25.410Z GET /accounts
2026-09-04T07:19:30.332Z GET /sessions
2026-09-04T07:19:30.448Z GET /metrics
2026-09-04T07:19:30.449Z GET /accounts
2026-09-04T07:19:35.324Z GET /sessions
2026-09-04T07:19:35.325Z GET /metrics
2026-09-04T07:19:35.325Z GET /accounts
2026-09-04T07:19:40.334Z GET /sessions
2026-09-04T07:19:40.335Z GET /metrics
2026-09-04T07:19:40.335Z GET /accounts
2026-09-04T07:19:49.286Z GET /sessions
2026-09-04T07:19:49.295Z GET /metrics
2026-09-04T07:19:49.360Z GET /accounts
2026-09-04T07:19:54.797Z GET /sessions
2026-09-04T07:19:54.807Z GET /metrics
2026-09-04T07:19:54.808Z GET /accounts
2026-09-04T07:19:59.397Z GET /sessions
2026-09-04T07:19:59.398Z GET /metrics
2026-09-04T07:19:59.398Z GET /accounts
2026-09-04T07:20:04.401Z GET /sessions
2026-09-04T07:20:04.432Z GET /accounts
2026-09-04T07:20:04.422Z GET /metrics
2026-09-04T07:20:09.395Z GET /sessions
2026-09-04T07:20:09.395Z GET /metrics
2026-09-04T07:20:09.396Z GET /accounts
2026-09-04T07:20:14.323Z GET /sessions
2026-09-04T07:20:14.342Z GET /metrics
2026-09-04T07:20:14.357Z GET /accounts
2026-09-04T07:20:19.337Z GET /metrics
2026-09-04T07:20:19.339Z GET /sessions
2026-09-04T07:20:19.339Z GET /accounts
2026-09-04T07:20:24.347Z GET /sessions
2026-09-04T07:20:24.347Z GET /metrics
2026-09-04T07:20:24.347Z GET /accounts
2026-09-04T07:20:29.336Z GET /metrics
2026-09-04T07:20:29.336Z GET /sessions
2026-09-04T07:20:29.336Z GET /accounts
2026-09-04T07:20:34.333Z GET /metrics
2026-09-04T07:20:34.333Z GET /sessions
2026-09-04T07:20:34.333Z GET /accounts
2026-09-04T07:20:39.443Z GET /sessions
2026-09-04T07:20:39.450Z GET /metrics
2026-09-04T07:20:39.451Z GET /accounts
2026-09-04T07:20:44.339Z GET /sessions
2026-09-04T07:20:44.351Z GET /metrics
2026-09-04T07:20:44.358Z GET /accounts
2026-09-04T07:21:34.339Z GET /sessions
2026-09-04T07:21:34.351Z GET /accounts
2026-09-04T07:21:34.351Z GET /metrics
2026-09-04T07:22:34.346Z GET /sessions
2026-09-04T07:22:34.409Z GET /metrics
2026-09-04T07:22:34.421Z GET /accounts
2026-09-04T07:23:34.484Z GET /sessions
2026-09-04T07:23:34.486Z GET /metrics
2026-09-04T07:23:34.487Z GET /accounts
2026-09-04T07:25:29.832Z GET /health
2026-09-04T07:25:34.409Z GET /sessions
2026-09-04T07:25:34.410Z GET /metrics
2026-09-04T07:25:34.414Z GET /accounts
2026-09-04T07:26:29.101Z GET /accounts
2026-09-04T07:26:34.422Z GET /sessions
2026-09-04T07:26:34.423Z GET /metrics
2026-09-04T07:26:34.453Z GET /accounts
2026-09-04T07:27:34.372Z GET /sessions
2026-09-04T07:27:34.374Z GET /metrics
2026-09-04T07:27:34.375Z GET /accounts
2026-09-04T07:28:34.342Z GET /sessions
2026-09-04T07:28:34.360Z GET /metrics
2026-09-04T07:28:34.366Z GET /accounts
2026-09-04T07:37:18.138Z GET /accounts
2026-09-04T07:38:05.585Z GET /metrics
2026-09-04T07:38:05.586Z GET /accounts
2026-09-04T07:38:05.587Z GET /sessions
2026-09-04T07:38:10.444Z GET /sessions
2026-09-04T07:38:10.449Z GET /metrics
2026-09-04T07:38:10.450Z GET /accounts
2026-09-04T07:38:15.466Z GET /sessions
2026-09-04T07:38:15.466Z GET /metrics
2026-09-04T07:38:15.468Z GET /accounts
2026-09-04T07:38:21.381Z GET /sessions
2026-09-04T07:38:21.381Z GET /accounts
2026-09-04T07:38:21.381Z GET /metrics
2026-09-04T07:38:26.331Z GET /sessions
2026-09-04T07:38:26.332Z GET /metrics
2026-09-04T07:38:26.332Z GET /accounts
2026-09-04T07:38:31.647Z GET /sessions
2026-09-04T07:38:31.656Z GET /metrics
2026-09-04T07:38:31.685Z GET /accounts
2026-09-04T07:38:36.323Z GET /sessions
2026-09-04T07:38:36.323Z GET /metrics
2026-09-04T07:38:36.326Z GET /accounts
2026-09-04T07:38:41.648Z GET /sessions
2026-09-04T07:38:41.648Z GET /metrics
2026-09-04T07:38:41.651Z GET /accounts
2026-09-04T07:38:46.341Z GET /sessions
2026-09-04T07:38:46.351Z GET /metrics
2026-09-04T07:38:46.354Z GET /accounts
2026-09-04T07:38:51.672Z GET /sessions
2026-09-04T07:38:51.673Z GET /metrics
2026-09-04T07:38:51.682Z GET /accounts
2026-09-04T07:38:56.330Z GET /sessions
2026-09-04T07:38:56.330Z GET /accounts
2026-09-04T07:38:56.330Z GET /metrics
2026-09-04T07:39:01.103Z GET /sessions
2026-09-04T07:39:01.104Z GET /metrics
2026-09-04T07:39:01.106Z GET /accounts
2026-09-04T07:39:05.408Z GET /sessions
2026-09-04T07:39:05.408Z GET /metrics
2026-09-04T07:39:05.408Z GET /accounts
2026-09-04T07:39:11.410Z GET /sessions
2026-09-04T07:39:11.411Z GET /metrics
2026-09-04T07:39:11.436Z GET /accounts
2026-09-04T07:39:16.335Z GET /sessions
2026-09-04T07:39:16.339Z GET /metrics
2026-09-04T07:39:16.340Z GET /accounts
2026-09-04T07:39:21.741Z GET /sessions
2026-09-04T07:39:21.741Z GET /metrics
2026-09-04T07:39:21.741Z GET /accounts
2026-09-04T07:39:26.325Z GET /sessions
2026-09-04T07:39:26.363Z GET /metrics
2026-09-04T07:39:26.364Z GET /accounts
2026-09-04T07:39:31.459Z GET /metrics
2026-09-04T07:39:31.459Z GET /sessions
2026-09-04T07:39:31.480Z GET /accounts
2026-09-04T07:39:36.567Z GET /sessions
2026-09-04T07:39:36.603Z GET /metrics
2026-09-04T07:39:36.608Z GET /accounts
2026-09-04T07:39:41.332Z GET /sessions
2026-09-04T07:39:41.337Z GET /metrics
2026-09-04T07:39:41.341Z GET /accounts
2026-09-04T07:39:46.331Z GET /sessions
2026-09-04T07:39:46.342Z GET /metrics
2026-09-04T07:39:46.349Z GET /accounts
2026-09-04T07:39:50.394Z GET /sessions
2026-09-04T07:39:50.394Z GET /metrics
2026-09-04T07:39:50.394Z GET /accounts
2026-09-04T07:39:56.726Z GET /sessions
2026-09-04T07:39:56.791Z GET /metrics
2026-09-04T07:39:56.791Z GET /accounts
2026-09-04T07:40:00.609Z GET /sessions
2026-09-04T07:40:00.610Z GET /accounts
2026-09-04T07:40:00.610Z GET /metrics
2026-09-04T07:40:05.450Z GET /sessions
2026-09-04T07:40:05.472Z GET /metrics
2026-09-04T07:40:05.472Z GET /accounts
2026-09-04T07:40:06.890Z POST /sessions/demo-dashboard/start
2026-09-04T07:40:10.836Z GET /sessions
2026-09-04T07:40:10.836Z GET /metrics
2026-09-04T07:40:11.179Z GET /accounts
2026-09-04T07:40:11.833Z GET /metrics
2026-09-04T07:40:11.838Z GET /sessions
2026-09-04T07:40:11.838Z GET /accounts
2026-09-04T07:40:15.467Z GET /sessions
2026-09-04T07:40:15.498Z GET /metrics
2026-09-04T07:40:15.498Z GET /accounts
2026-09-04T07:40:20.415Z GET /sessions
2026-09-04T07:40:20.417Z GET /accounts
2026-09-04T07:40:20.417Z GET /metrics
2026-09-04T07:40:25.417Z GET /sessions
2026-09-04T07:40:25.417Z GET /accounts
2026-09-04T07:40:25.417Z GET /metrics
2026-09-04T07:40:30.405Z GET /sessions
2026-09-04T07:40:30.428Z GET /metrics
2026-09-04T07:40:30.432Z GET /accounts
2026-09-04T07:40:35.665Z GET /sessions
2026-09-04T07:40:35.672Z GET /accounts
2026-09-04T07:40:35.673Z GET /metrics
2026-09-04T07:40:40.403Z GET /sessions
2026-09-04T07:40:40.405Z GET /metrics
2026-09-04T07:40:40.407Z GET /accounts
2026-09-04T07:40:45.508Z GET /sessions
2026-09-04T07:40:45.509Z GET /metrics
2026-09-04T07:40:45.511Z GET /accounts
2026-09-04T07:40:50.012Z POST /jobs/bulk
2026-09-04T07:40:50.028Z GET /metrics
2026-09-04T07:40:50.028Z GET /sessions
2026-09-04T07:40:50.029Z GET /accounts
2026-09-04T07:40:50.435Z GET /sessions
2026-09-04T07:40:50.439Z GET /metrics
2026-09-04T07:40:50.439Z GET /accounts
2026-09-04T07:40:55.413Z GET /metrics
2026-09-04T07:40:55.413Z GET /accounts
2026-09-04T07:40:55.413Z GET /sessions
2026-09-04T07:41:00.411Z GET /metrics
2026-09-04T07:41:00.412Z GET /sessions
2026-09-04T07:41:00.412Z GET /accounts
2026-09-04T07:41:05.742Z GET /sessions
2026-09-04T07:41:05.747Z GET /metrics
2026-09-04T07:41:05.754Z GET /accounts
2026-09-04T07:41:10.418Z GET /accounts
2026-09-04T07:41:10.427Z GET /metrics
2026-09-04T07:41:10.429Z GET /sessions
2026-09-04T07:41:14.075Z POST /jobs/bulk
2026-09-04T07:41:14.130Z GET /sessions
2026-09-04T07:41:14.131Z GET /metrics
2026-09-04T07:41:14.131Z GET /accounts
2026-09-04T07:41:15.406Z GET /sessions
2026-09-04T07:41:15.408Z GET /metrics
2026-09-04T07:41:15.408Z GET /accounts
2026-09-04T07:41:20.835Z GET /sessions
2026-09-04T07:41:20.836Z GET /accounts
2026-09-04T07:41:20.836Z GET /metrics
2026-09-04T07:41:25.395Z GET /sessions
2026-09-04T07:41:25.395Z GET /metrics
2026-09-04T07:41:25.395Z GET /accounts
2026-09-04T07:41:30.419Z GET /metrics
2026-09-04T07:41:30.419Z GET /sessions
2026-09-04T07:41:30.430Z GET /accounts
2026-09-04T07:41:35.899Z GET /sessions
2026-09-04T07:41:35.899Z GET /metrics
2026-09-04T07:41:35.900Z GET /accounts
2026-09-04T07:41:40.397Z GET /sessions
2026-09-04T07:41:40.397Z GET /metrics
2026-09-04T07:41:40.398Z GET /accounts
2026-09-04T07:41:45.441Z GET /sessions
2026-09-04T07:41:45.443Z GET /metrics
2026-09-04T07:41:45.443Z GET /accounts
2026-09-04T07:41:50.407Z GET /sessions
2026-09-04T07:41:50.423Z GET /metrics
2026-09-04T07:41:50.422Z GET /accounts
2026-09-04T07:41:55.418Z GET /sessions
2026-09-04T07:41:55.421Z GET /accounts
2026-09-04T07:41:55.421Z GET /metrics
2026-09-04T07:42:00.402Z GET /sessions
2026-09-04T07:42:00.405Z GET /accounts
2026-09-04T07:42:00.404Z GET /metrics
2026-09-04T07:42:05.608Z GET /accounts
2026-09-04T07:42:05.609Z GET /sessions
2026-09-04T07:42:05.609Z GET /metrics
2026-09-04T07:42:10.403Z GET /sessions
2026-09-04T07:42:10.403Z GET /accounts
2026-09-04T07:42:10.403Z GET /metrics
2026-09-04T07:42:15.411Z GET /sessions
2026-09-04T07:42:15.411Z GET /metrics
2026-09-04T07:42:15.411Z GET /accounts
2026-09-04T07:42:20.403Z GET /sessions
2026-09-04T07:42:20.407Z GET /accounts
2026-09-04T07:42:20.405Z GET /metrics
2026-09-04T07:42:25.411Z GET /sessions
2026-09-04T07:42:25.412Z GET /metrics
2026-09-04T07:42:25.412Z GET /accounts
2026-09-04T07:42:30.437Z GET /sessions
2026-09-04T07:42:30.437Z GET /accounts
2026-09-04T07:42:30.437Z GET /metrics
2026-09-04T07:42:35.402Z GET /metrics
2026-09-04T07:42:35.402Z GET /accounts
2026-09-04T07:42:35.402Z GET /sessions
2026-09-04T07:42:40.416Z GET /sessions
2026-09-04T07:42:40.416Z GET /metrics
2026-09-04T07:42:40.416Z GET /accounts
2026-09-04T07:42:45.396Z GET /sessions
2026-09-04T07:42:45.400Z GET /metrics
2026-09-04T07:42:45.400Z GET /accounts
2026-09-04T07:42:50.409Z GET /metrics
2026-09-04T07:42:50.409Z GET /sessions
2026-09-04T07:42:50.410Z GET /accounts
2026-09-04T07:42:55.422Z GET /sessions
2026-09-04T07:42:55.422Z GET /accounts
2026-09-04T07:42:55.422Z GET /metrics
2026-09-04T07:43:00.436Z GET /sessions
2026-09-04T07:43:00.436Z GET /metrics
2026-09-04T07:43:00.436Z GET /accounts
2026-09-04T07:43:05.410Z GET /sessions
2026-09-04T07:43:05.413Z GET /metrics
2026-09-04T07:43:05.413Z GET /accounts
2026-09-04T07:43:08.636Z POST /jobs/bulk
2026-09-04T07:43:08.661Z GET /sessions
2026-09-04T07:43:08.662Z GET /metrics
2026-09-04T07:43:08.662Z GET /accounts
2026-09-04T07:43:10.396Z GET /metrics
2026-09-04T07:43:10.398Z GET /accounts
2026-09-04T07:43:10.396Z GET /sessions
2026-09-04T07:43:15.965Z GET /metrics
2026-09-04T07:43:15.965Z GET /sessions
2026-09-04T07:43:16.029Z GET /accounts
2026-09-04T07:43:20.438Z GET /sessions
2026-09-04T07:43:20.438Z GET /metrics
2026-09-04T07:43:20.438Z GET /accounts
2026-09-04T07:43:25.454Z GET /sessions
2026-09-04T07:43:25.456Z GET /metrics
2026-09-04T07:43:25.458Z GET /accounts
2026-09-04T07:43:30.468Z GET /sessions
2026-09-04T07:43:30.468Z GET /metrics
2026-09-04T07:43:30.468Z GET /accounts
2026-09-04T07:43:35.450Z GET /sessions
2026-09-04T07:43:35.450Z GET /metrics
2026-09-04T07:43:35.450Z GET /accounts
2026-09-04T07:43:40.475Z GET /metrics
2026-09-04T07:43:40.475Z GET /sessions
2026-09-04T07:43:40.475Z GET /accounts
2026-09-04T07:43:45.416Z GET /sessions
2026-09-04T07:43:45.418Z GET /metrics
2026-09-04T07:43:45.419Z GET /accounts
2026-09-04T07:43:50.421Z GET /metrics
2026-09-04T07:43:50.421Z GET /sessions
2026-09-04T07:43:50.421Z GET /accounts
2026-09-04T07:43:55.719Z GET /accounts
2026-09-04T07:43:55.719Z GET /sessions
2026-09-04T07:43:55.720Z GET /metrics
2026-09-04T07:44:00.417Z GET /sessions
2026-09-04T07:44:00.431Z GET /metrics
2026-09-04T07:44:00.432Z GET /accounts
2026-09-04T07:44:05.416Z GET /metrics
2026-09-04T07:44:05.416Z GET /sessions
2026-09-04T07:44:05.416Z GET /accounts
2026-09-04T07:44:10.436Z GET /sessions
2026-09-04T07:44:10.439Z GET /metrics
2026-09-04T07:44:10.441Z GET /accounts
2026-09-04T07:44:15.447Z GET /sessions
2026-09-04T07:44:15.447Z GET /metrics
2026-09-04T07:44:15.447Z GET /accounts
2026-09-04T07:44:20.478Z GET /sessions
2026-09-04T07:44:20.478Z GET /metrics
2026-09-04T07:44:20.478Z GET /accounts
2026-09-04T07:44:25.442Z GET /metrics
2026-09-04T07:44:25.443Z GET /sessions
2026-09-04T07:44:25.443Z GET /accounts
2026-09-04T07:44:40.194Z GET /sessions
2026-09-04T07:44:40.194Z GET /accounts
2026-09-04T07:44:40.194Z GET /metrics
2026-09-04T07:44:40.783Z GET /sessions
2026-09-04T07:44:40.784Z GET /accounts
2026-09-04T07:44:41.113Z GET /metrics
2026-09-04T07:44:45.543Z GET /sessions
2026-09-04T07:44:45.544Z GET /metrics
2026-09-04T07:44:45.544Z GET /accounts
2026-09-04T07:44:59.145Z GET /sessions
2026-09-04T07:44:59.188Z GET /accounts
2026-09-04T07:44:59.188Z GET /metrics
2026-09-04T07:45:01.368Z GET /sessions
2026-09-04T07:45:01.369Z GET /metrics
2026-09-04T07:45:01.369Z GET /accounts
2026-09-04T07:45:06.370Z GET /sessions
2026-09-04T07:45:06.373Z GET /accounts
2026-09-04T07:45:06.373Z GET /metrics
2026-09-04T07:45:11.329Z GET /sessions
2026-09-04T07:45:11.344Z GET /accounts
2026-09-04T07:45:11.344Z GET /metrics
2026-09-04T07:45:16.323Z GET /metrics
2026-09-04T07:45:16.323Z GET /accounts
2026-09-04T07:45:16.324Z GET /sessions
2026-09-04T07:45:21.352Z GET /sessions
2026-09-04T07:45:21.353Z GET /metrics
2026-09-04T07:45:21.382Z GET /accounts
2026-09-04T07:45:26.360Z GET /sessions
2026-09-04T07:45:26.378Z GET /metrics
2026-09-04T07:45:26.402Z GET /accounts
2026-09-04T07:45:31.337Z GET /sessions
2026-09-04T07:45:31.338Z GET /accounts
2026-09-04T07:45:31.338Z GET /metrics
2026-09-04T07:45:36.330Z GET /sessions
2026-09-04T07:45:36.355Z GET /metrics
2026-09-04T07:45:36.356Z GET /accounts
2026-09-04T07:45:41.441Z GET /metrics
2026-09-04T07:45:41.441Z GET /sessions
2026-09-04T07:45:41.442Z GET /accounts
2026-09-04T07:45:46.343Z GET /sessions
2026-09-04T07:45:46.380Z GET /metrics
2026-09-04T07:45:46.403Z GET /accounts
2026-09-04T07:45:51.348Z GET /sessions
2026-09-04T07:45:51.351Z GET /metrics
2026-09-04T07:45:51.351Z GET /accounts
2026-09-04T07:45:56.700Z GET /sessions
2026-09-04T07:45:56.723Z GET /metrics
2026-09-04T07:45:56.727Z GET /accounts
2026-09-04T07:46:34.602Z GET /sessions
2026-09-04T07:46:34.667Z GET /metrics
2026-09-04T07:46:34.693Z GET /accounts
2026-09-04T07:46:35.776Z GET /metrics
2026-09-04T07:46:35.776Z GET /sessions
2026-09-04T07:46:35.776Z GET /accounts
2026-09-04T07:46:40.424Z GET /sessions
2026-09-04T07:46:40.424Z GET /metrics
2026-09-04T07:46:40.427Z GET /accounts
2026-09-04T07:46:44.675Z POST /sessions/demo-dashboard/stop
2026-09-04T07:46:45.402Z GET /sessions
2026-09-04T07:46:45.402Z GET /metrics
2026-09-04T07:46:45.407Z GET /accounts
2026-09-04T07:46:47.768Z GET /sessions
2026-09-04T07:46:47.770Z GET /accounts
2026-09-04T07:46:47.780Z GET /metrics
2026-09-04T07:46:50.394Z GET /sessions
2026-09-04T07:46:50.394Z GET /metrics
2026-09-04T07:46:50.394Z GET /accounts
2026-09-04T07:46:56.932Z GET /sessions
2026-09-04T07:46:57.079Z GET /accounts
2026-09-04T07:46:57.078Z GET /metrics
2026-09-04T07:47:01.516Z GET /sessions
2026-09-04T07:47:01.553Z GET /metrics
2026-09-04T07:47:01.553Z GET /accounts
2026-09-04T07:47:08.717Z GET /accounts
2026-09-04T07:47:08.717Z GET /metrics
2026-09-04T07:47:08.718Z GET /sessions
2026-09-04T07:47:10.568Z GET /sessions
2026-09-04T07:47:10.569Z GET /metrics
2026-09-04T07:47:10.569Z GET /accounts
2026-09-04T07:47:15.487Z GET /sessions
2026-09-04T07:47:15.492Z GET /metrics
2026-09-04T07:47:15.492Z GET /accounts
2026-09-04T07:47:20.534Z GET /sessions
2026-09-04T07:47:20.534Z GET /metrics
2026-09-04T07:47:20.535Z GET /accounts
2026-09-04T07:47:25.534Z GET /sessions
2026-09-04T07:47:25.534Z GET /metrics
2026-09-04T07:47:25.536Z GET /accounts
2026-09-04T07:47:30.546Z GET /sessions
2026-09-04T07:47:30.550Z GET /metrics
2026-09-04T07:47:30.551Z GET /accounts
2026-09-04T07:47:35.478Z GET /sessions
2026-09-04T07:47:35.478Z GET /metrics
2026-09-04T07:47:35.478Z GET /accounts
2026-09-04T07:47:45.172Z GET /sessions
2026-09-04T07:47:45.187Z GET /metrics
2026-09-04T07:47:45.201Z GET /accounts
2026-09-04T07:47:46.430Z GET /sessions
2026-09-04T07:47:46.494Z GET /metrics
2026-09-04T07:47:46.503Z GET /accounts
2026-09-04T07:47:51.377Z GET /sessions
2026-09-04T07:47:52.056Z GET /metrics
2026-09-04T07:47:52.060Z GET /accounts
2026-09-04T07:47:57.177Z GET /sessions
2026-09-04T07:47:57.179Z GET /metrics
2026-09-04T07:47:57.194Z GET /accounts
2026-09-04T07:48:01.828Z GET /metrics
2026-09-04T07:48:01.829Z GET /sessions
2026-09-04T07:48:01.829Z GET /accounts
2026-09-04T07:48:05.521Z GET /accounts
2026-09-04T07:48:05.564Z GET /metrics
2026-09-04T07:48:05.564Z GET /sessions
2026-09-04T07:48:10.437Z GET /sessions
2026-09-04T07:48:10.438Z GET /metrics
2026-09-04T07:48:10.480Z GET /accounts
2026-09-04T07:48:15.810Z GET /sessions
2026-09-04T07:48:16.082Z GET /metrics
2026-09-04T07:48:16.084Z GET /accounts
2026-09-04T07:48:20.471Z GET /sessions
2026-09-04T07:48:20.499Z GET /metrics
2026-09-04T07:48:20.505Z GET /accounts
2026-09-04T07:48:27.242Z GET /sessions
2026-09-04T07:48:27.268Z GET /metrics
2026-09-04T07:48:27.268Z GET /accounts
2026-09-04T07:48:31.449Z GET /sessions
2026-09-04T07:48:31.451Z GET /metrics
2026-09-04T07:48:31.453Z GET /accounts
2026-09-04T07:48:36.633Z GET /sessions
2026-09-04T07:48:36.858Z GET /metrics
2026-09-04T07:48:36.949Z GET /accounts
2026-09-04T07:48:41.323Z GET /sessions
2026-09-04T07:48:41.343Z GET /metrics
2026-09-04T07:48:41.346Z GET /accounts
2026-09-04T07:48:46.664Z GET /sessions
2026-09-04T07:48:46.868Z GET /metrics
2026-09-04T07:48:46.901Z GET /accounts
2026-09-04T07:48:51.330Z GET /sessions
2026-09-04T07:48:51.353Z GET /metrics
2026-09-04T07:48:51.376Z GET /accounts
2026-09-04T07:48:56.366Z GET /sessions
2026-09-04T07:48:56.367Z GET /metrics
2026-09-04T07:48:56.367Z GET /accounts
2026-09-04T07:49:01.328Z GET /sessions
2026-09-04T07:49:01.329Z GET /metrics
2026-09-04T07:49:01.334Z GET /accounts
2026-09-04T07:49:06.618Z GET /sessions
2026-09-04T07:49:06.658Z GET /metrics
2026-09-04T07:49:06.671Z GET /accounts
2026-09-04T07:49:11.633Z GET /sessions
2026-09-04T07:49:11.637Z GET /metrics
2026-09-04T07:49:11.692Z GET /accounts
2026-09-04T07:49:16.532Z GET /sessions
2026-09-04T07:49:16.589Z GET /accounts
2026-09-04T07:49:16.590Z GET /metrics
2026-09-04T07:49:21.417Z GET /sessions
2026-09-04T07:49:21.461Z GET /metrics
2026-09-04T07:49:21.517Z GET /accounts
2026-09-04T07:49:34.346Z GET /sessions
2026-09-04T07:49:34.391Z GET /metrics
2026-09-04T07:49:34.397Z GET /accounts
2026-09-04T07:50:34.633Z GET /sessions
2026-09-04T07:50:34.655Z GET /metrics
2026-09-04T07:50:34.664Z GET /accounts
2026-09-04T07:51:12.985Z GET /metrics
2026-09-04T07:51:12.985Z GET /accounts
2026-09-04T07:51:13.091Z GET /sessions
2026-09-04T07:51:15.534Z GET /sessions
2026-09-04T07:51:15.535Z GET /metrics
2026-09-04T07:51:15.546Z GET /accounts
2026-09-04T07:51:21.342Z GET /accounts
2026-09-04T07:51:21.342Z GET /metrics
2026-09-04T07:51:21.340Z GET /sessions
2026-09-04T07:51:26.343Z GET /sessions
2026-09-04T07:51:26.354Z GET /metrics
2026-09-04T07:51:26.356Z GET /accounts
2026-09-04T07:51:31.333Z GET /sessions
2026-09-04T07:51:31.334Z GET /accounts
2026-09-04T07:51:31.334Z GET /metrics
2026-09-04T07:51:36.323Z GET /sessions
2026-09-04T07:51:36.329Z GET /metrics
2026-09-04T07:51:36.334Z GET /accounts
2026-09-04T07:51:41.328Z GET /metrics
2026-09-04T07:51:41.328Z GET /accounts
2026-09-04T07:51:41.329Z GET /sessions
2026-09-04T07:51:46.362Z GET /sessions
2026-09-04T07:51:46.398Z GET /metrics
2026-09-04T07:51:46.398Z GET /accounts
2026-09-04T07:51:51.353Z GET /sessions
2026-09-04T07:51:51.372Z GET /metrics
2026-09-04T07:51:51.373Z GET /accounts
2026-09-04T07:51:56.759Z GET /sessions
2026-09-04T07:51:56.769Z GET /metrics
2026-09-04T07:51:56.777Z GET /accounts
2026-09-04T07:52:01.330Z GET /sessions
2026-09-04T07:52:01.334Z GET /metrics
2026-09-04T07:52:01.334Z GET /accounts
2026-09-04T07:52:06.708Z GET /sessions
2026-09-04T07:52:06.709Z GET /metrics
2026-09-04T07:52:06.709Z GET /accounts
2026-09-04T07:52:11.325Z GET /sessions
2026-09-04T07:52:11.330Z GET /metrics
2026-09-04T07:52:11.332Z GET /accounts
2026-09-04T07:52:34.332Z GET /accounts
2026-09-04T07:52:34.332Z GET /sessions
2026-09-04T07:52:34.332Z GET /metrics
2026-09-04T07:53:07.094Z GET /sessions
2026-09-04T07:53:07.096Z GET /metrics
2026-09-04T07:53:07.098Z GET /accounts
2026-09-04T07:53:10.434Z GET /metrics
2026-09-04T07:53:10.434Z GET /sessions
2026-09-04T07:53:10.434Z GET /accounts
2026-09-04T07:53:14.036Z GET /sessions
2026-09-04T07:53:14.038Z GET /metrics
2026-09-04T07:53:14.038Z GET /accounts
2026-09-04T07:53:15.403Z GET /sessions
2026-09-04T07:53:15.405Z GET /metrics
2026-09-04T07:53:15.445Z GET /accounts
2026-09-04T07:53:21.041Z GET /metrics
2026-09-04T07:53:21.041Z GET /sessions
2026-09-04T07:53:21.043Z GET /accounts
2026-09-04T07:53:25.646Z GET /metrics
2026-09-04T07:53:25.648Z GET /sessions
2026-09-04T07:53:25.648Z GET /accounts
2026-09-04T07:57:03.378Z GET /accounts
2026-09-04T07:57:03.381Z GET /sessions
2026-09-04T07:57:03.381Z GET /metrics
2026-09-04T07:57:08.352Z GET /sessions
2026-09-04T07:57:08.352Z GET /metrics
2026-09-04T07:57:08.356Z GET /accounts
2026-09-04T07:57:13.634Z GET /sessions
2026-09-04T07:57:13.636Z GET /metrics
2026-09-04T07:57:13.637Z GET /accounts
2026-09-04T07:57:18.325Z GET /sessions
2026-09-04T07:57:18.325Z GET /metrics
2026-09-04T07:57:18.325Z GET /accounts
2026-09-04T07:57:23.310Z GET /sessions
2026-09-04T07:57:23.310Z GET /metrics
2026-09-04T07:57:23.310Z GET /accounts
2026-09-04T07:57:28.236Z POST /sessions/demo-dashboard/start
2026-09-04T07:57:28.811Z GET /sessions
2026-09-04T07:57:28.811Z GET /metrics
2026-09-04T07:57:28.811Z GET /accounts
2026-09-04T07:57:33.506Z GET /metrics
2026-09-04T07:57:33.508Z GET /sessions
2026-09-04T07:57:33.510Z GET /accounts
2026-09-04T07:57:34.174Z GET /metrics
2026-09-04T07:57:34.174Z GET /sessions
2026-09-04T07:57:34.246Z GET /accounts
2026-09-04T07:57:38.352Z GET /sessions
2026-09-04T07:57:38.355Z GET /metrics
2026-09-04T07:57:38.355Z GET /accounts
2026-09-04T07:57:43.307Z GET /sessions
2026-09-04T07:57:43.309Z GET /accounts
2026-09-04T07:57:43.310Z GET /metrics
2026-09-04T07:57:48.312Z GET /sessions
2026-09-04T07:57:48.314Z GET /metrics
2026-09-04T07:57:48.315Z GET /accounts
2026-09-04T07:57:53.340Z GET /sessions
2026-09-04T07:57:53.351Z GET /metrics
2026-09-04T07:57:53.359Z GET /accounts
2026-09-04T07:57:58.302Z GET /metrics
2026-09-04T07:57:58.302Z GET /sessions
2026-09-04T07:57:58.302Z GET /accounts
2026-09-04T07:58:02.245Z POST /jobs/bulk
2026-09-04T07:58:02.961Z GET /sessions
2026-09-04T07:58:02.962Z GET /metrics
2026-09-04T07:58:02.962Z GET /accounts
2026-09-04T07:58:03.545Z GET /sessions
2026-09-04T07:58:03.549Z GET /accounts
2026-09-04T07:58:03.549Z GET /metrics
2026-09-04T07:58:08.311Z GET /sessions
2026-09-04T07:58:08.311Z GET /accounts
2026-09-04T07:58:08.311Z GET /metrics
2026-09-04T07:58:13.304Z GET /metrics
2026-09-04T07:58:13.304Z GET /sessions
2026-09-04T07:58:13.304Z GET /accounts
2026-09-04T07:58:18.325Z GET /sessions
2026-09-04T07:58:18.329Z GET /metrics
2026-09-04T07:58:18.329Z GET /accounts
2026-09-04T07:58:23.296Z GET /sessions
2026-09-04T07:58:23.297Z GET /accounts
2026-09-04T07:58:23.297Z GET /metrics
2026-09-04T07:58:28.306Z GET /sessions
2026-09-04T07:58:28.307Z GET /metrics
2026-09-04T07:58:28.307Z GET /accounts
2026-09-04T07:58:33.302Z GET /sessions
2026-09-04T07:58:33.303Z GET /metrics
2026-09-04T07:58:33.305Z GET /accounts
2026-09-04T07:58:38.329Z GET /sessions
2026-09-04T07:58:38.330Z GET /metrics
2026-09-04T07:58:38.332Z GET /accounts
2026-09-04T07:58:43.301Z GET /sessions
2026-09-04T07:58:43.301Z GET /metrics
2026-09-04T07:58:43.301Z GET /accounts
2026-09-04T07:58:45.160Z POST /jobs/bulk
2026-09-04T07:58:45.234Z GET /accounts
2026-09-04T07:58:45.234Z GET /sessions
2026-09-04T07:58:45.234Z GET /metrics
2026-09-04T07:58:46.002Z POST /jobs/bulk
2026-09-04T07:58:46.011Z GET /sessions
2026-09-04T07:58:46.198Z GET /metrics
2026-09-04T07:58:46.198Z GET /accounts
2026-09-04T07:58:48.302Z GET /sessions
2026-09-04T07:58:48.303Z GET /metrics
2026-09-04T07:58:48.303Z GET /accounts
2026-09-04T07:58:53.361Z GET /accounts
2026-09-04T07:58:53.363Z GET /metrics
2026-09-04T07:58:53.366Z GET /sessions
2026-09-04T07:58:58.305Z GET /sessions
2026-09-04T07:58:58.308Z GET /accounts
2026-09-04T07:58:58.307Z GET /metrics
2026-09-04T07:59:03.367Z GET /accounts
2026-09-04T07:59:03.372Z GET /metrics
2026-09-04T07:59:03.372Z GET /sessions
2026-09-04T07:59:08.308Z GET /sessions
2026-09-04T07:59:08.308Z GET /metrics
2026-09-04T07:59:08.682Z GET /accounts
2026-09-04T07:59:13.312Z GET /sessions
2026-09-04T07:59:13.317Z GET /accounts
2026-09-04T07:59:13.316Z GET /metrics
2026-09-04T07:59:18.304Z GET /sessions
2026-09-04T07:59:18.306Z GET /metrics
2026-09-04T07:59:18.306Z GET /accounts
2026-09-04T07:59:23.660Z GET /metrics
2026-09-04T07:59:23.660Z GET /sessions
2026-09-04T07:59:23.660Z GET /accounts
2026-09-04T07:59:28.307Z GET /sessions
2026-09-04T07:59:28.636Z GET /metrics
2026-09-04T07:59:28.636Z GET /accounts
2026-09-04T07:59:33.397Z GET /sessions
2026-09-04T07:59:33.401Z GET /metrics
2026-09-04T07:59:33.401Z GET /accounts
2026-09-04T07:59:38.293Z GET /sessions
2026-09-04T07:59:38.298Z GET /metrics
2026-09-04T07:59:38.299Z GET /accounts
2026-09-04T07:59:41.332Z POST /sessions/demo-dry/start
2026-09-04T07:59:43.314Z GET /sessions
2026-09-04T07:59:43.314Z GET /metrics
2026-09-04T07:59:43.314Z GET /accounts
2026-09-04T07:59:44.891Z GET /sessions
2026-09-04T07:59:44.891Z GET /metrics
2026-09-04T07:59:44.891Z GET /accounts
2026-09-04T07:59:47.013Z POST /sessions/demo-real/start
2026-09-04T07:59:48.378Z GET /sessions
2026-09-04T07:59:48.387Z GET /metrics
2026-09-04T07:59:48.388Z GET /accounts
2026-09-04T07:59:50.079Z GET /metrics
2026-09-04T07:59:50.081Z GET /sessions
2026-09-04T07:59:50.081Z GET /accounts
2026-09-04T07:59:53.332Z GET /sessions
2026-09-04T07:59:53.332Z GET /metrics
2026-09-04T07:59:53.333Z GET /accounts
2026-09-04T07:59:58.321Z GET /sessions
2026-09-04T07:59:58.323Z GET /metrics
2026-09-04T07:59:58.325Z GET /accounts
2026-09-04T08:00:03.443Z GET /sessions
2026-09-04T08:00:03.454Z GET /metrics
2026-09-04T08:00:03.454Z GET /accounts
2026-09-04T08:00:09.557Z GET /sessions
2026-09-04T08:00:09.557Z GET /metrics
2026-09-04T08:00:09.557Z GET /accounts
2026-09-04T08:00:13.531Z GET /sessions
2026-09-04T08:00:13.548Z GET /metrics
2026-09-04T08:00:13.548Z GET /accounts
2026-09-04T08:00:18.314Z GET /sessions
2026-09-04T08:00:18.315Z GET /metrics
2026-09-04T08:00:18.315Z GET /accounts
2026-09-04T08:00:23.415Z GET /sessions
2026-09-04T08:00:23.415Z GET /accounts
2026-09-04T08:00:23.415Z GET /metrics
2026-09-04T08:00:28.351Z GET /metrics
2026-09-04T08:00:28.351Z GET /sessions
2026-09-04T08:00:28.359Z GET /accounts
2026-09-04T08:00:32.722Z POST /jobs/bulk
2026-09-04T08:00:32.863Z GET /sessions
2026-09-04T08:00:32.864Z GET /metrics
2026-09-04T08:00:32.864Z GET /accounts
2026-09-04T08:00:33.523Z GET /sessions
2026-09-04T08:00:33.532Z GET /metrics
2026-09-04T08:00:33.533Z GET /accounts
2026-09-04T08:00:38.328Z GET /sessions
2026-09-04T08:00:38.338Z GET /metrics
2026-09-04T08:00:38.347Z GET /accounts
2026-09-04T08:00:43.304Z GET /metrics
2026-09-04T08:00:43.304Z GET /sessions
2026-09-04T08:00:43.305Z GET /accounts
2026-09-04T08:00:48.296Z GET /metrics
2026-09-04T08:00:48.296Z GET /sessions
2026-09-04T08:00:48.297Z GET /accounts
2026-09-04T08:00:53.306Z GET /sessions
2026-09-04T08:00:53.307Z GET /metrics
2026-09-04T08:00:53.307Z GET /accounts
2026-09-04T08:00:58.319Z GET /sessions
2026-09-04T08:00:58.324Z GET /metrics
2026-09-04T08:00:58.325Z GET /accounts
2026-09-04T08:01:03.323Z GET /metrics
2026-09-04T08:01:03.327Z GET /sessions
2026-09-04T08:01:03.326Z GET /accounts
2026-09-04T08:01:08.338Z GET /sessions
2026-09-04T08:01:08.343Z GET /accounts
2026-09-04T08:01:08.350Z GET /metrics
2026-09-04T08:01:13.540Z GET /sessions
2026-09-04T08:01:13.540Z GET /metrics
2026-09-04T08:01:13.540Z GET /accounts
2026-09-04T08:01:20.524Z GET /sessions
2026-09-04T08:01:20.536Z GET /metrics
2026-09-04T08:01:20.536Z GET /accounts
2026-09-04T08:01:26.245Z POST /sessions/demo-real/stop
2026-09-04T08:01:25.975Z GET /sessions
2026-09-04T08:01:26.327Z GET /accounts
2026-09-04T08:01:26.327Z GET /metrics
2026-09-04T08:01:26.773Z POST /sessions/demo-dry/stop
2026-09-04T08:01:27.422Z POST /sessions/demo-dashboard/stop
2026-09-04T08:01:28.314Z GET /sessions
2026-09-04T08:01:28.317Z GET /metrics
2026-09-04T08:01:28.318Z GET /accounts
2026-09-04T08:01:29.874Z GET /accounts
2026-09-04T08:01:29.876Z GET /metrics
2026-09-04T08:01:29.875Z GET /sessions
2026-09-04T08:01:30.173Z GET /sessions
2026-09-04T08:01:30.176Z GET /metrics
2026-09-04T08:01:30.176Z GET /accounts
2026-09-04T08:01:30.450Z GET /sessions
2026-09-04T08:01:30.451Z GET /metrics
2026-09-04T08:01:30.452Z GET /accounts
2026-09-04T08:01:33.321Z GET /sessions
2026-09-04T08:01:33.322Z GET /metrics
2026-09-04T08:01:33.324Z GET /accounts
2026-09-04T08:01:38.420Z GET /sessions
2026-09-04T08:01:38.423Z GET /metrics
2026-09-04T08:01:38.423Z GET /accounts
2026-09-04T08:01:43.309Z GET /sessions
2026-09-04T08:01:43.311Z GET /metrics
2026-09-04T08:01:43.312Z GET /accounts
2026-09-04T08:01:48.319Z GET /sessions
2026-09-04T08:01:48.320Z GET /metrics
2026-09-04T08:01:48.320Z GET /accounts
2026-09-04T08:01:53.343Z GET /sessions
2026-09-04T08:01:53.452Z GET /metrics
2026-09-04T08:01:53.468Z GET /accounts
2026-09-04T08:01:58.326Z GET /sessions
2026-09-04T08:01:58.330Z GET /metrics
2026-09-04T08:01:58.330Z GET /accounts
2026-09-04T08:02:03.522Z GET /sessions
2026-09-04T08:02:03.522Z GET /accounts
2026-09-04T08:02:03.522Z GET /metrics
2026-09-04T08:02:08.330Z GET /sessions
2026-09-04T08:02:08.339Z GET /metrics
2026-09-04T08:02:08.345Z GET /accounts
2026-09-04T08:02:13.335Z GET /sessions
2026-09-04T08:02:13.336Z GET /metrics
2026-09-04T08:02:13.341Z GET /accounts
2026-09-04T08:02:18.322Z GET /sessions
2026-09-04T08:02:18.322Z GET /metrics
2026-09-04T08:02:18.323Z GET /accounts
2026-09-04T08:02:23.330Z GET /sessions
2026-09-04T08:02:23.331Z GET /metrics
2026-09-04T08:02:23.331Z GET /accounts
2026-09-04T08:02:28.317Z GET /sessions
2026-09-04T08:02:28.320Z GET /metrics
2026-09-04T08:02:28.320Z GET /accounts
2026-09-04T08:02:33.324Z GET /sessions
2026-09-04T08:02:33.341Z GET /metrics
2026-09-04T08:02:33.341Z GET /accounts
2026-09-04T08:02:38.333Z GET /sessions
2026-09-04T08:02:38.333Z GET /metrics
2026-09-04T08:02:38.354Z GET /accounts
2026-09-04T08:02:43.323Z GET /sessions
2026-09-04T08:02:43.327Z GET /metrics
2026-09-04T08:02:43.332Z GET /accounts
2026-09-04T08:02:48.340Z GET /sessions
2026-09-04T08:02:48.352Z GET /metrics
2026-09-04T08:02:48.359Z GET /accounts
2026-09-04T08:03:10.039Z GET /sessions
2026-09-04T08:03:10.040Z GET /metrics
2026-09-04T08:03:10.041Z GET /accounts
2026-09-04T08:03:13.297Z GET /sessions
2026-09-04T08:03:13.297Z GET /metrics
2026-09-04T08:03:13.298Z GET /accounts
2026-09-04T08:03:18.309Z GET /metrics
2026-09-04T08:03:18.309Z GET /sessions
2026-09-04T08:03:18.309Z GET /accounts
2026-09-04T08:03:23.298Z GET /sessions
2026-09-04T08:03:23.298Z GET /accounts
2026-09-04T08:03:23.298Z GET /metrics
2026-09-04T08:03:28.382Z GET /metrics
2026-09-04T08:03:28.382Z GET /sessions
2026-09-04T08:03:28.405Z GET /accounts
2026-09-04T08:03:33.304Z GET /metrics
2026-09-04T08:03:33.304Z GET /accounts
2026-09-04T08:03:33.304Z GET /sessions
2026-09-04T08:03:38.303Z GET /sessions
2026-09-04T08:03:38.305Z GET /metrics
2026-09-04T08:03:38.306Z GET /accounts
2026-09-04T08:03:43.335Z GET /sessions
2026-09-04T08:03:43.336Z GET /metrics
2026-09-04T08:03:43.336Z GET /accounts
2026-09-04T08:03:48.321Z GET /sessions
2026-09-04T08:03:48.322Z GET /metrics
2026-09-04T08:03:48.322Z GET /accounts
2026-09-04T08:03:53.359Z GET /sessions
2026-09-04T08:03:53.362Z GET /accounts
2026-09-04T08:03:53.362Z GET /metrics
2026-09-04T08:03:59.256Z GET /sessions
2026-09-04T08:03:59.256Z GET /accounts
2026-09-04T08:03:59.257Z GET /metrics
2026-09-04T08:04:03.333Z GET /sessions
2026-09-04T08:04:03.339Z GET /metrics
2026-09-04T08:04:03.340Z GET /accounts
2026-09-04T08:04:08.334Z GET /sessions
2026-09-04T08:04:08.357Z GET /metrics
2026-09-04T08:04:08.361Z GET /accounts
2026-09-04T08:04:13.302Z GET /sessions
2026-09-04T08:04:13.304Z GET /metrics
2026-09-04T08:04:13.304Z GET /accounts
2026-09-04T08:04:18.314Z GET /sessions
2026-09-04T08:04:18.316Z GET /metrics
2026-09-04T08:04:18.316Z GET /accounts
2026-09-04T08:04:23.790Z GET /sessions
2026-09-04T08:04:23.790Z GET /metrics
2026-09-04T08:04:23.791Z GET /accounts
2026-09-04T08:04:28.300Z GET /sessions
2026-09-04T08:04:28.301Z GET /metrics
2026-09-04T08:04:28.301Z GET /accounts
2026-09-04T08:04:33.305Z GET /sessions
2026-09-04T08:04:33.305Z GET /metrics
2026-09-04T08:04:33.307Z GET /accounts
2026-09-04T08:04:38.311Z GET /sessions
2026-09-04T08:04:38.312Z GET /metrics
2026-09-04T08:04:38.314Z GET /accounts
2026-09-04T08:04:43.327Z GET /metrics
2026-09-04T08:04:43.327Z GET /sessions
2026-09-04T08:04:43.328Z GET /accounts
2026-09-04T08:04:48.296Z GET /metrics
2026-09-04T08:04:48.296Z GET /sessions
2026-09-04T08:04:48.296Z GET /accounts
2026-09-04T08:04:53.313Z GET /metrics
2026-09-04T08:04:53.313Z GET /sessions
2026-09-04T08:04:53.313Z GET /accounts
2026-09-04T08:04:58.297Z GET /metrics
2026-09-04T08:04:58.297Z GET /sessions
2026-09-04T08:04:58.297Z GET /accounts
2026-09-04T08:05:03.311Z GET /sessions
2026-09-04T08:05:03.314Z GET /metrics
2026-09-04T08:05:03.314Z GET /accounts
2026-09-04T08:05:08.316Z GET /metrics
2026-09-04T08:05:08.316Z GET /sessions
2026-09-04T08:05:08.317Z GET /accounts
2026-09-04T08:05:13.324Z GET /sessions
2026-09-04T08:05:13.325Z GET /accounts
2026-09-04T08:05:13.325Z GET /metrics
2026-09-04T08:05:18.296Z GET /sessions
2026-09-04T08:05:18.298Z GET /metrics
2026-09-04T08:05:18.298Z GET /accounts
2026-09-04T08:05:23.309Z GET /sessions
2026-09-04T08:05:23.311Z GET /metrics
2026-09-04T08:05:23.311Z GET /accounts
2026-09-04T08:05:28.294Z GET /sessions
2026-09-04T08:05:28.296Z GET /metrics
2026-09-04T08:05:28.297Z GET /accounts
2026-09-04T08:05:33.300Z GET /metrics
2026-09-04T08:05:33.300Z GET /sessions
2026-09-04T08:05:33.300Z GET /accounts
2026-09-04T08:05:38.321Z GET /sessions
2026-09-04T08:05:38.322Z GET /metrics
2026-09-04T08:05:38.323Z GET /accounts
2026-09-04T08:05:43.302Z GET /sessions
2026-09-04T08:05:43.305Z GET /metrics
2026-09-04T08:05:43.307Z GET /accounts
2026-09-04T08:05:48.301Z GET /sessions
2026-09-04T08:05:48.302Z GET /accounts
2026-09-04T08:05:48.301Z GET /metrics
2026-09-04T08:05:53.296Z GET /sessions
2026-09-04T08:05:53.299Z GET /metrics
2026-09-04T08:05:53.300Z GET /accounts
2026-09-04T08:05:58.306Z GET /sessions
2026-09-04T08:05:58.308Z GET /metrics
2026-09-04T08:05:58.308Z GET /accounts
2026-09-04T08:06:03.351Z GET /sessions
2026-09-04T08:06:03.351Z GET /metrics
2026-09-04T08:06:03.351Z GET /accounts
2026-09-04T08:06:08.304Z GET /sessions
2026-09-04T08:06:08.307Z GET /metrics
2026-09-04T08:06:08.307Z GET /accounts
2026-09-04T08:06:13.300Z GET /sessions
2026-09-04T08:06:13.303Z GET /accounts
2026-09-04T08:06:13.303Z GET /metrics
2026-09-04T08:06:18.295Z GET /metrics
2026-09-04T08:06:18.295Z GET /sessions
2026-09-04T08:06:18.295Z GET /accounts
2026-09-04T08:06:23.310Z GET /sessions
2026-09-04T08:06:23.311Z GET /accounts
2026-09-04T08:06:23.310Z GET /metrics
2026-09-04T08:06:28.302Z GET /sessions
2026-09-04T08:06:28.305Z GET /accounts
2026-09-04T08:06:28.304Z GET /metrics
2026-09-04T08:06:33.312Z GET /sessions
2026-09-04T08:06:33.315Z GET /metrics
2026-09-04T08:06:33.315Z GET /accounts
2026-09-04T08:06:38.307Z GET /metrics
2026-09-04T08:06:38.309Z GET /sessions
2026-09-04T08:06:38.308Z GET /accounts
2026-09-04T08:06:43.334Z GET /sessions
2026-09-04T08:06:43.334Z GET /metrics
2026-09-04T08:06:43.336Z GET /accounts
2026-09-04T08:06:48.312Z GET /metrics
2026-09-04T08:06:48.312Z GET /sessions
2026-09-04T08:06:48.312Z GET /accounts
2026-09-04T08:06:53.306Z GET /sessions
2026-09-04T08:06:53.309Z GET /metrics
2026-09-04T08:06:53.310Z GET /accounts
2026-09-04T08:06:58.300Z GET /metrics
2026-09-04T08:06:58.300Z GET /accounts
2026-09-04T08:06:58.302Z GET /sessions
2026-09-04T08:07:03.314Z GET /sessions
2026-09-04T08:07:03.314Z GET /metrics
2026-09-04T08:07:03.314Z GET /accounts
2026-09-04T08:07:08.298Z GET /sessions
2026-09-04T08:07:08.298Z GET /metrics
2026-09-04T08:07:08.299Z GET /accounts
2026-09-04T08:07:13.459Z GET /sessions
2026-09-04T08:07:13.459Z GET /metrics
2026-09-04T08:07:13.459Z GET /accounts
2026-09-04T08:07:18.335Z GET /sessions
2026-09-04T08:07:18.336Z GET /metrics
2026-09-04T08:07:18.336Z GET /accounts
2026-09-04T08:07:23.302Z GET /sessions
2026-09-04T08:07:23.304Z GET /accounts
2026-09-04T08:07:23.304Z GET /metrics
2026-09-04T08:07:28.297Z GET /metrics
2026-09-04T08:07:28.297Z GET /sessions
2026-09-04T08:07:28.297Z GET /accounts
2026-09-04T08:07:33.312Z GET /sessions
2026-09-04T08:07:33.313Z GET /accounts
2026-09-04T08:07:33.313Z GET /metrics
2026-09-04T08:07:38.295Z GET /metrics
2026-09-04T08:07:38.295Z GET /accounts
2026-09-04T08:07:38.295Z GET /sessions
2026-09-04T08:07:43.308Z GET /sessions
2026-09-04T08:07:43.310Z GET /metrics
2026-09-04T08:07:43.310Z GET /accounts
2026-09-04T08:07:48.298Z GET /sessions
2026-09-04T08:07:48.298Z GET /metrics
2026-09-04T08:07:48.298Z GET /accounts
2026-09-04T08:07:53.312Z GET /accounts
2026-09-04T08:07:53.312Z GET /sessions
2026-09-04T08:07:53.312Z GET /metrics
2026-09-04T08:07:58.310Z GET /sessions
2026-09-04T08:07:58.312Z GET /metrics
2026-09-04T08:07:58.312Z GET /accounts
2026-09-04T08:08:03.303Z GET /sessions
2026-09-04T08:08:03.304Z GET /metrics
2026-09-04T08:08:03.305Z GET /accounts
2026-09-04T08:08:08.311Z GET /sessions
2026-09-04T08:08:08.314Z GET /metrics
2026-09-04T08:08:08.314Z GET /accounts
2026-09-04T08:08:13.302Z GET /accounts
2026-09-04T08:08:13.302Z GET /sessions
2026-09-04T08:08:13.302Z GET /metrics
2026-09-04T08:08:18.299Z GET /sessions
2026-09-04T08:08:18.299Z GET /metrics
2026-09-04T08:08:18.301Z GET /accounts
2026-09-04T08:08:19.276Z POST /sessions/demo-dashboard/start
2026-09-04T08:08:20.646Z POST /sessions/demo-dry/start
2026-09-04T08:08:22.178Z POST /sessions/demo-real/start
2026-09-04T08:08:23.988Z GET /sessions
2026-09-04T08:08:23.988Z GET /accounts
2026-09-04T08:08:23.988Z GET /metrics
2026-09-04T08:08:25.615Z GET /accounts
2026-09-04T08:08:25.621Z GET /sessions
2026-09-04T08:08:25.635Z GET /metrics
2026-09-04T08:08:25.700Z GET /accounts
2026-09-04T08:08:26.503Z GET /sessions
2026-09-04T08:08:26.600Z GET /metrics
2026-09-04T08:08:28.366Z GET /accounts
2026-09-04T08:08:28.367Z GET /sessions
2026-09-04T08:08:28.423Z GET /metrics
2026-09-04T08:08:31.291Z GET /sessions
2026-09-04T08:08:31.293Z GET /metrics
2026-09-04T08:08:31.294Z GET /accounts
2026-09-04T08:08:33.340Z GET /sessions
2026-09-04T08:08:33.342Z GET /metrics
2026-09-04T08:08:33.347Z GET /accounts
2026-09-04T08:08:38.496Z GET /sessions
2026-09-04T08:08:38.502Z GET /metrics
2026-09-04T08:08:38.502Z GET /accounts
2026-09-04T08:08:43.471Z GET /sessions
2026-09-04T08:08:43.481Z GET /metrics
2026-09-04T08:08:43.483Z GET /accounts
2026-09-04T08:08:52.309Z GET /sessions
2026-09-04T08:08:52.310Z GET /metrics
2026-09-04T08:08:52.310Z GET /accounts
2026-09-04T08:08:53.772Z GET /sessions
2026-09-04T08:08:53.773Z GET /accounts
2026-09-04T08:08:53.774Z GET /metrics
2026-09-04T08:08:58.301Z GET /sessions
2026-09-04T08:08:58.304Z GET /accounts
2026-09-04T08:08:58.304Z GET /metrics
2026-09-04T08:09:03.331Z GET /sessions
2026-09-04T08:09:03.334Z GET /metrics
2026-09-04T08:09:03.334Z GET /accounts
2026-09-04T08:09:08.937Z GET /metrics
2026-09-04T08:09:08.938Z GET /accounts
2026-09-04T08:09:08.938Z GET /sessions
2026-09-04T08:09:12.272Z POST /jobs/bulk
2026-09-04T08:09:12.329Z GET /sessions
2026-09-04T08:09:12.330Z GET /metrics
2026-09-04T08:09:12.330Z GET /accounts
2026-09-04T08:09:13.492Z GET /metrics
2026-09-04T08:09:13.493Z GET /sessions
2026-09-04T08:09:13.494Z GET /accounts
2026-09-04T08:09:18.342Z GET /sessions
2026-09-04T08:09:18.345Z GET /metrics
2026-09-04T08:09:18.345Z GET /accounts
2026-09-04T08:09:23.584Z GET /sessions
2026-09-04T08:09:23.584Z GET /metrics
2026-09-04T08:09:23.585Z GET /accounts
2026-09-04T08:09:28.524Z GET /sessions
2026-09-04T08:09:28.524Z GET /metrics
2026-09-04T08:09:28.524Z GET /accounts
2026-09-04T08:09:33.427Z GET /sessions
2026-09-04T08:09:33.428Z GET /metrics
2026-09-04T08:09:33.430Z GET /accounts
2026-09-04T08:09:38.587Z GET /sessions
2026-09-04T08:09:38.588Z GET /accounts
2026-09-04T08:09:38.588Z GET /metrics
2026-09-04T08:09:45.926Z GET /sessions
2026-09-04T08:09:45.926Z GET /accounts
2026-09-04T08:09:45.928Z GET /metrics
2026-09-04T08:09:48.746Z GET /accounts
2026-09-04T08:09:48.746Z GET /sessions
2026-09-04T08:09:48.746Z GET /metrics
2026-09-04T08:09:53.522Z GET /sessions
2026-09-04T08:09:53.589Z GET /accounts
2026-09-04T08:09:53.597Z GET /metrics
2026-09-04T08:09:58.345Z GET /accounts
2026-09-04T08:09:58.345Z GET /metrics
2026-09-04T08:09:58.345Z GET /sessions
2026-09-04T08:10:03.708Z GET /accounts
2026-09-04T08:10:03.713Z GET /metrics
2026-09-04T08:10:03.714Z GET /sessions
2026-09-04T08:10:09.070Z GET /metrics
2026-09-04T08:10:09.070Z GET /sessions
2026-09-04T08:10:09.070Z GET /accounts
2026-09-04T08:10:09.832Z POST /sessions/demo-dashboard/stop
2026-09-04T08:10:11.242Z POST /sessions/demo-dry/stop
2026-09-04T08:10:11.924Z POST /sessions/demo-real/stop
2026-09-04T08:10:12.881Z GET /sessions
2026-09-04T08:10:12.890Z GET /metrics
2026-09-04T08:10:12.891Z GET /accounts
2026-09-04T08:10:13.297Z GET /sessions
2026-09-04T08:10:13.297Z GET /metrics
2026-09-04T08:10:13.297Z GET /accounts
2026-09-04T08:10:14.289Z GET /metrics
2026-09-04T08:10:14.289Z GET /sessions
2026-09-04T08:10:14.290Z GET /accounts
2026-09-04T08:10:14.950Z GET /sessions
2026-09-04T08:10:14.951Z GET /metrics
2026-09-04T08:10:14.951Z GET /accounts
2026-09-04T08:10:18.302Z GET /sessions
2026-09-04T08:10:18.302Z GET /accounts
2026-09-04T08:10:18.302Z GET /metrics
2026-09-04T08:10:23.312Z GET /sessions
2026-09-04T08:10:23.312Z GET /metrics
2026-09-04T08:10:23.312Z GET /accounts
2026-09-04T08:10:28.390Z GET /sessions
2026-09-04T08:10:28.391Z GET /metrics
2026-09-04T08:10:28.391Z GET /accounts
2026-09-04T08:10:33.315Z GET /sessions
2026-09-04T08:10:33.315Z GET /metrics
2026-09-04T08:10:33.315Z GET /accounts
2026-09-04T08:10:38.303Z GET /sessions
2026-09-04T08:10:38.304Z GET /metrics
2026-09-04T08:10:38.305Z GET /accounts
2026-09-04T08:10:43.311Z GET /metrics
2026-09-04T08:10:43.311Z GET /sessions
2026-09-04T08:10:43.313Z GET /accounts
2026-09-04T08:10:48.300Z GET /sessions
2026-09-04T08:10:48.300Z GET /metrics
2026-09-04T08:10:48.300Z GET /accounts
2026-09-04T08:10:53.308Z GET /sessions
2026-09-04T08:10:53.309Z GET /accounts
2026-09-04T08:10:53.309Z GET /metrics
2026-09-04T08:10:58.299Z GET /sessions
2026-09-04T08:10:58.300Z GET /accounts
2026-09-04T08:10:58.300Z GET /metrics
2026-09-04T08:11:03.304Z GET /sessions
2026-09-04T08:11:03.305Z GET /metrics
2026-09-04T08:11:03.307Z GET /accounts
2026-09-04T08:11:08.298Z GET /metrics
2026-09-04T08:11:08.298Z GET /sessions
2026-09-04T08:11:08.298Z GET /accounts
2026-09-04T08:11:13.306Z GET /sessions
2026-09-04T08:11:13.308Z GET /metrics
2026-09-04T08:11:13.308Z GET /accounts
2026-09-04T08:11:18.302Z GET /sessions
2026-09-04T08:11:18.303Z GET /accounts
2026-09-04T08:11:18.303Z GET /metrics
2026-09-04T08:11:23.299Z GET /sessions
2026-09-04T08:11:23.300Z GET /metrics
2026-09-04T08:11:23.300Z GET /accounts
2026-09-04T08:11:28.305Z GET /sessions
2026-09-04T08:11:28.306Z GET /accounts
2026-09-04T08:11:28.306Z GET /metrics
2026-09-04T08:11:33.307Z GET /accounts
2026-09-04T08:11:33.309Z GET /sessions
2026-09-04T08:11:33.309Z GET /metrics
2026-09-04T08:11:38.294Z GET /sessions
2026-09-04T08:11:38.296Z GET /metrics
2026-09-04T08:11:38.297Z GET /accounts
2026-09-04T08:11:43.451Z GET /sessions
2026-09-04T08:11:43.451Z GET /metrics
2026-09-04T08:11:43.453Z GET /accounts
2026-09-04T08:11:48.295Z GET /accounts
2026-09-04T08:11:48.295Z GET /metrics
2026-09-04T08:11:48.295Z GET /sessions
2026-09-04T08:11:53.350Z GET /sessions
2026-09-04T08:11:53.355Z GET /metrics
2026-09-04T08:11:53.366Z GET /accounts
2026-09-04T08:11:58.333Z GET /sessions
2026-09-04T08:11:58.333Z GET /metrics
2026-09-04T08:11:58.333Z GET /accounts
2026-09-04T08:12:03.367Z GET /sessions
2026-09-04T08:12:03.390Z GET /metrics
2026-09-04T08:12:03.415Z GET /accounts
2026-09-04T08:12:08.320Z GET /sessions
2026-09-04T08:12:08.323Z GET /metrics
2026-09-04T08:12:08.332Z GET /accounts
2026-09-04T08:12:13.619Z GET /metrics
2026-09-04T08:12:13.618Z GET /sessions
2026-09-04T08:12:13.621Z GET /accounts
2026-09-04T08:12:18.326Z GET /sessions
2026-09-04T08:12:18.336Z GET /metrics
2026-09-04T08:12:18.343Z GET /accounts
2026-09-04T08:12:23.339Z GET /sessions
2026-09-04T08:12:23.364Z GET /accounts
2026-09-04T08:12:23.364Z GET /metrics
2026-09-04T08:12:28.327Z GET /sessions
2026-09-04T08:12:28.330Z GET /accounts
2026-09-04T08:12:28.330Z GET /metrics
2026-09-04T08:12:33.384Z GET /sessions
2026-09-04T08:12:33.384Z GET /metrics
2026-09-04T08:12:33.386Z GET /accounts
2026-09-04T08:12:38.328Z GET /sessions
2026-09-04T08:12:38.328Z GET /metrics
2026-09-04T08:12:38.329Z GET /accounts
2026-09-04T08:12:43.328Z GET /sessions
2026-09-04T08:12:43.328Z GET /metrics
2026-09-04T08:12:43.328Z GET /accounts
2026-09-04T08:12:48.337Z GET /metrics
2026-09-04T08:12:48.337Z GET /sessions
2026-09-04T08:12:48.338Z GET /accounts
2026-09-04T08:13:34.485Z GET /sessions
2026-09-04T08:13:34.655Z GET /metrics
2026-09-04T08:13:34.681Z GET /accounts
2026-09-04T08:13:46.229Z GET /metrics
2026-09-04T08:13:46.230Z GET /accounts
2026-09-04T08:13:46.229Z GET /sessions
2026-09-04T08:13:48.301Z GET /accounts
2026-09-04T08:13:48.302Z GET /sessions
2026-09-04T08:13:48.302Z GET /metrics
2026-09-04T08:13:53.317Z GET /sessions
2026-09-04T08:13:53.360Z GET /metrics
2026-09-04T08:13:53.365Z GET /accounts
2026-09-04T08:13:58.380Z GET /sessions
2026-09-04T08:13:58.385Z GET /metrics
2026-09-04T08:13:58.391Z GET /accounts
2026-09-04T08:14:03.304Z GET /sessions
2026-09-04T08:14:03.305Z GET /metrics
2026-09-04T08:14:04.368Z GET /accounts
2026-09-04T08:14:09.013Z GET /accounts
2026-09-04T08:14:09.015Z GET /sessions
2026-09-04T08:14:09.016Z GET /metrics
2026-09-04T08:14:14.038Z GET /sessions
2026-09-04T08:14:14.040Z GET /metrics
2026-09-04T08:14:14.040Z GET /accounts
2026-09-04T08:14:18.324Z GET /sessions
2026-09-04T08:14:18.329Z GET /accounts
2026-09-04T08:14:18.328Z GET /metrics
2026-09-04T08:14:23.326Z GET /sessions
2026-09-04T08:14:23.354Z GET /metrics
2026-09-04T08:14:23.355Z GET /accounts
2026-09-04T08:14:28.342Z GET /metrics
2026-09-04T08:14:28.343Z GET /accounts
2026-09-04T08:14:28.343Z GET /sessions
2026-09-04T08:14:33.577Z GET /sessions
2026-09-04T08:14:33.586Z GET /metrics
2026-09-04T08:14:33.587Z GET /accounts
2026-09-04T08:14:38.317Z GET /sessions
2026-09-04T08:14:38.331Z GET /metrics
2026-09-04T08:14:38.929Z GET /accounts
2026-09-04T08:14:43.727Z GET /sessions
2026-09-04T08:14:43.732Z GET /metrics
2026-09-04T08:14:43.732Z GET /accounts
2026-09-04T08:14:48.323Z GET /sessions
2026-09-04T08:14:48.339Z GET /accounts
2026-09-04T08:14:48.340Z GET /metrics
2026-09-04T08:14:53.336Z GET /sessions
2026-09-04T08:14:53.352Z GET /metrics
2026-09-04T08:14:53.364Z GET /accounts
2026-09-04T08:14:59.613Z GET /sessions
2026-09-04T08:14:59.656Z GET /metrics
2026-09-04T08:14:59.746Z GET /accounts
2026-09-04T08:15:03.328Z GET /sessions
2026-09-04T08:15:03.338Z GET /metrics
2026-09-04T08:15:03.348Z GET /accounts
2026-09-04T08:15:08.488Z GET /sessions
2026-09-04T08:15:08.488Z GET /accounts
2026-09-04T08:15:08.488Z GET /metrics
2026-09-04T08:15:34.327Z GET /sessions
2026-09-04T08:15:34.940Z GET /metrics
2026-09-04T08:15:34.940Z GET /accounts
2026-09-04T08:16:34.332Z GET /sessions
2026-09-04T08:16:34.336Z GET /accounts
2026-09-04T08:16:34.336Z GET /metrics
2026-09-04T08:17:34.354Z GET /sessions
2026-09-04T08:17:34.358Z GET /metrics
2026-09-04T08:17:34.362Z GET /accounts
2026-09-04T08:18:34.327Z GET /sessions
2026-09-04T08:18:34.329Z GET /metrics
2026-09-04T08:18:34.725Z GET /accounts
2026-09-04T08:19:34.334Z GET /sessions
2026-09-04T08:19:34.361Z GET /metrics
2026-09-04T08:19:34.362Z GET /accounts
2026-09-04T08:20:34.401Z GET /sessions
2026-09-04T08:20:34.402Z GET /metrics
2026-09-04T08:20:34.403Z GET /accounts
2026-09-04T08:21:08.278Z GET /accounts
2026-09-04T08:21:08.278Z GET /metrics
2026-09-04T08:21:08.278Z GET /sessions
